YCSB Client 0.1
Command line: -db com.yahoo.ycsb.db.MongoDbClient -s -P /opt/ycsb/workloads/workloada -p mongodb.url=172.31.18.181:27028,172.31.18.180:27028 -p workload=com.yahoo.ycsb.workloads.CoreWorkload -p updateretrycount=1000 -p mongodb.writeConcern=normal -p mongodb.database=ycsb -p recordcount=10000 -p exportmeasurementsinterval=30000 -p fieldcount=10 -p timeseries.granularity=100 -p threadcount=30 -p insertretrycount=10 -p readretrycount=1000 -p ignoreinserterrors=false -p reconnectionthroughput=10 -p insertstart=40000 -p maxexecutiontime=1200 -p mongodb.readPreference=primaryPreferred -p measurementtype=timeseries -p reconnectiontime=1000 -p operationcount=5000 -p fieldlength=10 -t
Using Mongo URL: 172.31.18.181:27028
Using Mongo URL: 172.31.18.180:27028
Using Mongo URL: 172.31.18.180:27028
Using Mongo URL: 172.31.18.180:27028
new database url = 172.31.18.180:27028/ycsb
new database url = 172.31.18.180:27028/ycsb
new database url = 172.31.18.180:27028/ycsb
new database url = 172.31.18.181:27028/ycsb
Using Mongo URL: 172.31.18.180:27028
new database url = 172.31.18.180:27028/ycsb
Using Mongo URL: 172.31.18.180:27028
new database url = 172.31.18.180:27028/ycsb
Using Mongo URL: 172.31.18.180:27028
new database url = 172.31.18.180:27028/ycsb
Using Mongo URL: 172.31.18.180:27028
new database url = 172.31.18.180:27028/ycsb
Using Mongo URL: 172.31.18.180:27028
new database url = 172.31.18.180:27028/ycsb
Using Mongo URL: 172.31.18.180:27028
new database url = 172.31.18.180:27028/ycsb
Using Mongo URL: 172.31.18.180:27028
new database url = 172.31.18.180:27028/ycsb
Using Mongo URL: 172.31.18.181:27028
new database url = 172.31.18.181:27028/ycsb
Using Mongo URL: 172.31.18.180:27028
new database url = 172.31.18.180:27028/ycsb
Using Mongo URL: 172.31.18.180:27028
new database url = 172.31.18.180:27028/ycsb
Using Mongo URL: 172.31.18.180:27028
new database url = 172.31.18.180:27028/ycsb
Using Mongo URL: 172.31.18.181:27028
new database url = 172.31.18.181:27028/ycsb
Using Mongo URL: 172.31.18.180:27028
new database url = 172.31.18.180:27028/ycsb
Using Mongo URL: 172.31.18.181:27028
new database url = 172.31.18.181:27028/ycsb
Using Mongo URL: 172.31.18.180:27028
new database url = 172.31.18.180:27028/ycsb
Using Mongo URL: 172.31.18.181:27028
new database url = 172.31.18.181:27028/ycsb
Using Mongo URL: 172.31.18.180:27028
new database url = 172.31.18.180:27028/ycsb
Using Mongo URL: 172.31.18.181:27028
new database url = 172.31.18.181:27028/ycsb
Using Mongo URL: 172.31.18.180:27028
new database url = 172.31.18.180:27028/ycsb
Using Mongo URL: 172.31.18.180:27028
new database url = 172.31.18.180:27028/ycsb
Using Mongo URL: 172.31.18.181:27028
new database url = 172.31.18.181:27028/ycsb
Using Mongo URL: 172.31.18.181:27028
new database url = 172.31.18.181:27028/ycsb
Using Mongo URL: 172.31.18.180:27028
new database url = 172.31.18.180:27028/ycsb
Using Mongo URL: 172.31.18.181:27028
new database url = 172.31.18.181:27028/ycsb
Using Mongo URL: 172.31.18.180:27028
new database url = 172.31.18.180:27028/ycsb
Using Mongo URL: 172.31.18.180:27028
new database url = 172.31.18.180:27028/ycsb
mongo connection created with 172.31.18.180:27028/ycsb
Warmup execution time: 0
Warmup operations: 0
mongo connection created with 172.31.18.181:27028/ycsb
Warmup execution time: 0
Warmup operations: 0
mongo connection created with 172.31.18.180:27028/ycsb
Warmup execution time: 0
Warmup operations: 0
mongo connection created with 172.31.18.181:27028/ycsb
Warmup execution time: 0
Warmup operations: 0
mongo connection created with 172.31.18.181:27028/ycsb
Warmup execution time: 0
Warmup operations: 0
mongo connection created with 172.31.18.180:27028/ycsb
Warmup execution time: 0
Warmup operations: 0
mongo connection created with 172.31.18.180:27028/ycsb
Warmup execution time: 0
Warmup operations: 0
mongo connection created with 172.31.18.181:27028/ycsb
Warmup execution time: 0
Warmup operations: 0
mongo connection created with 172.31.18.180:27028/ycsb
Warmup execution time: 0
Warmup operations: 0
mongo connection created with 172.31.18.181:27028/ycsb
Warmup execution time: 0
Warmup operations: 0
mongo connection created with 172.31.18.180:27028/ycsb
Warmup execution time: 0
Warmup operations: 0
mongo connection created with 172.31.18.181:27028/ycsb
Warmup execution time: 0
Warmup operations: 0
mongo connection created with 172.31.18.180:27028/ycsb
Warmup execution time: 0
Warmup operations: 0
mongo connection created with 172.31.18.180:27028/ycsb
Warmup execution time: 0
Warmup operations: 0
mongo connection created with 172.31.18.181:27028/ycsb
Warmup execution time: 0
Warmup operations: 0
mongo connection created with 172.31.18.180:27028/ycsb
Warmup execution time: 0
Warmup operations: 0
mongo connection created with 172.31.18.180:27028/ycsb
Warmup execution time: 0
Warmup operations: 0
mongo connection created with 172.31.18.180:27028/ycsb
Warmup execution time: 0
Warmup operations: 0
mongo connection created with 172.31.18.181:27028/ycsb
Warmup execution time: 0
Warmup operations: 0
mongo connection created with 172.31.18.180:27028/ycsb
Warmup execution time: 0
Warmup operations: 0
mongo connection created with 172.31.18.180:27028/ycsb
Warmup execution time: 0
Warmup operations: 0
mongo connection created with 172.31.18.180:27028/ycsb
Warmup execution time: 0
Warmup operations: 0
mongo connection created with 172.31.18.180:27028/ycsb
Warmup execution time: 0
Warmup operations: 0
mongo connection created with 172.31.18.180:27028/ycsb
Warmup execution time: 0
Warmup operations: 0
mongo connection created with 172.31.18.180:27028/ycsb
Warmup execution time: 0
Warmup operations: 0
mongo connection created with 172.31.18.180:27028/ycsb
Warmup execution time: 0
Warmup operations: 0
mongo connection created with 172.31.18.181:27028/ycsb
Warmup execution time: 0
Warmup operations: 0
mongo connection created with 172.31.18.180:27028/ycsb
Warmup execution time: 0
Warmup operations: 0
mongo connection created with 172.31.18.180:27028/ycsb
Warmup execution time: 0
Warmup operations: 0
mongo connection created with 172.31.18.180:27028/ycsb
Warmup execution time: 0
Warmup operations: 0
Using Mongo URL: 172.31.18.180:27028
new database url = 172.31.18.180:27028/ycsb
Using Mongo URL: 172.31.18.181:27028
new database url = 172.31.18.181:27028/ycsb
Using Mongo URL: 172.31.18.180:27028
new database url = 172.31.18.180:27028/ycsb
Using Mongo URL: 172.31.18.181:27028
new database url = 172.31.18.181:27028/ycsb
Using Mongo URL: 172.31.18.180:27028
new database url = 172.31.18.180:27028/ycsb
Using Mongo URL: 172.31.18.180:27028
new database url = 172.31.18.180:27028/ycsb
Using Mongo URL: 172.31.18.180:27028
new database url = 172.31.18.180:27028/ycsb
Using Mongo URL: 172.31.18.180:27028
new database url = 172.31.18.180:27028/ycsb
Using Mongo URL: 172.31.18.180:27028
new database url = 172.31.18.180:27028/ycsb
Using Mongo URL: 172.31.18.180:27028
new database url = 172.31.18.180:27028/ycsb
Using Mongo URL: 172.31.18.180:27028
new database url = 172.31.18.180:27028/ycsb
Using Mongo URL: 172.31.18.180:27028
new database url = 172.31.18.180:27028/ycsb
Using Mongo URL: 172.31.18.181:27028
new database url = 172.31.18.181:27028/ycsb
Using Mongo URL: 172.31.18.181:27028
new database url = 172.31.18.181:27028/ycsb
Using Mongo URL: 172.31.18.181:27028
new database url = 172.31.18.181:27028/ycsb
Using Mongo URL: 172.31.18.180:27028
new database url = 172.31.18.180:27028/ycsb
Using Mongo URL: 172.31.18.181:27028
new database url = 172.31.18.181:27028/ycsb
Using Mongo URL: 172.31.18.180:27028
new database url = 172.31.18.180:27028/ycsb
Using Mongo URL: 172.31.18.181:27028
new database url = 172.31.18.181:27028/ycsb
 0 sec: 0 operations; 
Using Mongo URL: 172.31.18.180:27028
new database url = 172.31.18.180:27028/ycsb
Using Mongo URL: 172.31.18.180:27028
new database url = 172.31.18.180:27028/ycsb
Using Mongo URL: 172.31.18.181:27028
new database url = 172.31.18.181:27028/ycsb
Using Mongo URL: 172.31.18.181:27028
new database url = 172.31.18.181:27028/ycsb
Using Mongo URL: 172.31.18.181:27028
new database url = 172.31.18.181:27028/ycsb
Using Mongo URL: 172.31.18.181:27028
new database url = 172.31.18.181:27028/ycsb
Using Mongo URL: 172.31.18.181:27028
new database url = 172.31.18.181:27028/ycsb
Using Mongo URL: 172.31.18.180:27028
new database url = 172.31.18.180:27028/ycsb
Using Mongo URL: 172.31.18.180:27028
new database url = 172.31.18.180:27028/ycsb
mongo connection created with 172.31.18.180:27028/ycsb
Using Mongo URL: 172.31.18.180:27028
new database url = 172.31.18.180:27028/ycsb
Using Mongo URL: 172.31.18.181:27028
new database url = 172.31.18.181:27028/ycsb
mongo connection created with 172.31.18.180:27028/ycsb
mongo connection created with 172.31.18.181:27028/ycsb
mongo connection created with 172.31.18.181:27028/ycsb
mongo connection created with 172.31.18.181:27028/ycsb
mongo connection created with 172.31.18.181:27028/ycsb
mongo connection created with 172.31.18.181:27028/ycsb
mongo connection created with 172.31.18.180:27028/ycsb
mongo connection created with 172.31.18.180:27028/ycsb
mongo connection created with 172.31.18.181:27028/ycsb
mongo connection created with 172.31.18.180:27028/ycsb
mongo connection created with 172.31.18.181:27028/ycsb
mongo connection created with 172.31.18.180:27028/ycsb
mongo connection created with 172.31.18.181:27028/ycsb
mongo connection created with 172.31.18.181:27028/ycsb
mongo connection created with 172.31.18.181:27028/ycsb
mongo connection created with 172.31.18.180:27028/ycsb
mongo connection created with 172.31.18.180:27028/ycsb
mongo connection created with 172.31.18.181:27028/ycsb
mongo connection created with 172.31.18.180:27028/ycsb
mongo connection created with 172.31.18.180:27028/ycsb
mongo connection created with 172.31.18.180:27028/ycsb
mongo connection created with 172.31.18.180:27028/ycsb
mongo connection created with 172.31.18.180:27028/ycsb
mongo connection created with 172.31.18.180:27028/ycsb
mongo connection created with 172.31.18.180:27028/ycsb
mongo connection created with 172.31.18.180:27028/ycsb
mongo connection created with 172.31.18.181:27028/ycsb
mongo connection created with 172.31.18.180:27028/ycsb
mongo connection created with 172.31.18.181:27028/ycsb
 2 sec: 3790 operations; 1889.33 current ops/sec; [UPDATE AverageLatency(us)=21565.5]  
 2 sec: 4980 operations; 2867.47 current ops/sec;    
[UPDATE], 0, 10449.842857142858, 700.0
[UPDATE], 100, 10844.28735632184, 870.0
[UPDATE], 200, 12168.875, 880.0
[UPDATE], 300, 15286.333333333334, 720.0
[UPDATE], 400, 20001.772151898735, 790.0
[UPDATE], 500, 18237.395604395606, 910.0
[UPDATE], 600, 20102.833333333332, 780.0
[UPDATE], 700, 21788.645569620254, 790.0
[UPDATE], 800, 21649.507462686568, 670.0
[UPDATE], 900, 21510.909090909092, 660.0
[UPDATE], 1000, 19939.746987951807, 830.0
[UPDATE], 1100, 16340.647727272728, 880.0
[UPDATE], 1200, 16705.295454545456, 880.0
[UPDATE], 1300, 20819.70786516854, 890.0
[UPDATE], 1400, 23675.494252873563, 870.0
[UPDATE], 1500, 17369.82089552239, 1340.0
[UPDATE], 1600, 11245.35064935065, 1540.0
[UPDATE], 1700, 10615.090361445784, 1660.0
[UPDATE], 1800, 10491.943262411347, 1410.0
[UPDATE], 1900, 10938.681318681318, 1820.0
[UPDATE], 2000, 10471.094339622641, 1590.0
[UPDATE], 2100, 9763.59872611465, 1570.0
[UPDATE], 2200, 6232.891891891892, 1110.0
[READ], 0, 8663.685714285713, 700.0
[READ], 100, 8672.45, 800.0
[READ], 200, 10023.408602150537, 930.0
[READ], 300, 12862.852272727272, 880.0
[READ], 400, 17455.0, 940.0
[READ], 500, 14818.466666666667, 900.0
[READ], 600, 16324.166666666666, 840.0
[READ], 700, 17386.608108108107, 740.0
[READ], 800, 18443.070588235296, 850.0
[READ], 900, 16507.367816091955, 870.0
[READ], 1000, 14427.81188118812, 1010.0
[READ], 1100, 12513.733333333334, 900.0
[READ], 1200, 19179.697674418603, 860.0
[READ], 1300, 14617.182926829268, 820.0
[READ], 1400, 9740.042105263157, 950.0
[READ], 1500, 7027.0283687943265, 1410.0
[READ], 1600, 7993.80981595092, 1630.0
[READ], 1700, 8182.735099337749, 1510.0
[READ], 1800, 8142.752941176471, 1700.0
[READ], 1900, 7483.761904761905, 1470.0
[READ], 2000, 7446.929032258065, 1550.0
[READ], 2100, 5134.806666666666, 1500.0
[READ], 2200, 4473.326241134751, 1410.0
[CLEANUP], 0, 3335.625, 80.0
[CLEANUP], 100, 799.5333333333333, 150.0
[UPDATE], 2300, 1649.1666666666667, 240.0
[UPDATE], Operations, 2440
[UPDATE], Retries, 0
[UPDATE], AverageLatency(us), 14320.637704918032
[UPDATE], MinLatency(us), 765
[UPDATE], MaxLatency(us), 192711
[UPDATE], Return=0, 2440
[READ], 2300, 1082.9130434782608, 230.0
[READ], Operations, 2540
[READ], Retries, 0
[READ], AverageLatency(us), 10610.694488188976
[READ], MinLatency(us), 640
[READ], MaxLatency(us), 140480
[READ], Return=0, 2540
[CLEANUP], 200, 467.2857142857143, 70.0
[CLEANUP], Operations, 30
[CLEANUP], Retries, 0
[CLEANUP], AverageLatency(us), 1398.3
[CLEANUP], MinLatency(us), 218
[CLEANUP], MaxLatency(us), 13303
[OVERALL], Reconnections, 0.0
[OVERALL], RunTime(ms), 2276.0
[OVERALL], Operations, 4980.0
[OVERALL], Throughput(ops/sec), 2188.04920913884
java -cp /opt/ycsb/mongodb-binding/lib/mongodb-binding-0.1.4.jar:/opt/ycsb/core/lib/core-0.1.4.jar com.yahoo.ycsb.Client -db com.yahoo.ycsb.db.MongoDbClient -s -P /opt/ycsb/workloads/workloada -p mongodb.url=172.31.18.181:27028,172.31.18.180:27028 -p workload=com.yahoo.ycsb.workloads.CoreWorkload -p updateretrycount=1000 -p mongodb.writeConcern=normal -p mongodb.database=ycsb -p recordcount=10000 -p exportmeasurementsinterval=30000 -p fieldcount=10 -p timeseries.granularity=100 -p threadcount=30 -p insertretrycount=10 -p readretrycount=1000 -p ignoreinserterrors=false -p reconnectionthroughput=10 -p insertstart=40000 -p maxexecutiontime=1200 -p mongodb.readPreference=primaryPreferred -p measurementtype=timeseries -p reconnectiontime=1000 -p operationcount=5000 -p fieldlength=10 -t
