YCSB Client 0.1
Command line: -db com.yahoo.ycsb.db.MongoDbClient -s -P /opt/ycsb/workloads/workloadb -p mongodb.url=172.31.18.181:27028,172.31.18.180:27028 -p workload=com.yahoo.ycsb.workloads.CoreWorkload -p updateretrycount=1000 -p mongodb.writeConcern=normal -p mongodb.database=ycsb -p recordcount=10000 -p exportmeasurementsinterval=30000 -p fieldcount=10 -p timeseries.granularity=100 -p threadcount=30 -p insertretrycount=10 -p readretrycount=1000 -p ignoreinserterrors=false -p reconnectionthroughput=10 -p insertstart=50000 -p maxexecutiontime=1200 -p mongodb.readPreference=primaryPreferred -p measurementtype=timeseries -p reconnectiontime=1000 -p operationcount=5000 -p fieldlength=10 -t
Using Mongo URL: 172.31.18.180:27028
Using Mongo URL: 172.31.18.180:27028
Using Mongo URL: 172.31.18.180:27028
Using Mongo URL: 172.31.18.180:27028
Using Mongo URL: 172.31.18.180:27028
new database url = 172.31.18.180:27028/ycsb
new database url = 172.31.18.180:27028/ycsb
new database url = 172.31.18.180:27028/ycsb
new database url = 172.31.18.180:27028/ycsb
new database url = 172.31.18.180:27028/ycsb
Using Mongo URL: 172.31.18.180:27028
new database url = 172.31.18.180:27028/ycsb
Using Mongo URL: 172.31.18.181:27028
new database url = 172.31.18.181:27028/ycsb
Using Mongo URL: 172.31.18.181:27028
new database url = 172.31.18.181:27028/ycsb
Using Mongo URL: 172.31.18.181:27028
new database url = 172.31.18.181:27028/ycsb
Using Mongo URL: 172.31.18.181:27028
new database url = 172.31.18.181:27028/ycsb
Using Mongo URL: 172.31.18.180:27028
new database url = 172.31.18.180:27028/ycsb
Using Mongo URL: 172.31.18.180:27028
new database url = 172.31.18.180:27028/ycsb
Using Mongo URL: 172.31.18.181:27028
new database url = 172.31.18.181:27028/ycsb
Using Mongo URL: 172.31.18.180:27028
new database url = 172.31.18.180:27028/ycsb
Using Mongo URL: 172.31.18.180:27028
new database url = 172.31.18.180:27028/ycsb
Using Mongo URL: 172.31.18.181:27028
new database url = 172.31.18.181:27028/ycsb
Using Mongo URL: 172.31.18.180:27028
new database url = 172.31.18.180:27028/ycsb
Using Mongo URL: 172.31.18.181:27028
new database url = 172.31.18.181:27028/ycsb
Using Mongo URL: 172.31.18.180:27028
new database url = 172.31.18.180:27028/ycsb
Using Mongo URL: 172.31.18.181:27028
new database url = 172.31.18.181:27028/ycsb
Using Mongo URL: 172.31.18.181:27028
new database url = 172.31.18.181:27028/ycsb
Using Mongo URL: 172.31.18.180:27028
new database url = 172.31.18.180:27028/ycsb
Using Mongo URL: 172.31.18.180:27028
new database url = 172.31.18.180:27028/ycsb
Using Mongo URL: 172.31.18.181:27028
new database url = 172.31.18.181:27028/ycsb
Using Mongo URL: 172.31.18.181:27028
new database url = 172.31.18.181:27028/ycsb
Using Mongo URL: 172.31.18.180:27028
new database url = 172.31.18.180:27028/ycsb
Using Mongo URL: 172.31.18.180:27028
new database url = 172.31.18.180:27028/ycsb
Using Mongo URL: 172.31.18.180:27028
new database url = 172.31.18.180:27028/ycsb
Using Mongo URL: 172.31.18.180:27028
new database url = 172.31.18.180:27028/ycsb
Using Mongo URL: 172.31.18.181:27028
new database url = 172.31.18.181:27028/ycsb
mongo connection created with 172.31.18.180:27028/ycsb
Warmup execution time: 0
Warmup operations: 0
mongo connection created with 172.31.18.181:27028/ycsb
Warmup execution time: 0
Warmup operations: 0
mongo connection created with 172.31.18.180:27028/ycsb
Warmup execution time: 0
Warmup operations: 0
mongo connection created with 172.31.18.180:27028/ycsb
Warmup execution time: 0
Warmup operations: 0
mongo connection created with 172.31.18.180:27028/ycsb
Warmup execution time: 0
Warmup operations: 0
mongo connection created with 172.31.18.181:27028/ycsb
Warmup execution time: 0
Warmup operations: 0
mongo connection created with 172.31.18.181:27028/ycsb
Warmup execution time: 0
Warmup operations: 0
mongo connection created with 172.31.18.181:27028/ycsb
Warmup execution time: 0
Warmup operations: 0
mongo connection created with 172.31.18.180:27028/ycsb
Warmup execution time: 0
Warmup operations: 0
mongo connection created with 172.31.18.180:27028/ycsb
Warmup execution time: 0
Warmup operations: 0
mongo connection created with 172.31.18.181:27028/ycsb
Warmup execution time: 0
Warmup operations: 0
mongo connection created with 172.31.18.180:27028/ycsb
Warmup execution time: 0
Warmup operations: 0
mongo connection created with 172.31.18.180:27028/ycsb
Warmup execution time: 0
Warmup operations: 0
mongo connection created with 172.31.18.181:27028/ycsb
Warmup execution time: 0
Warmup operations: 0
mongo connection created with 172.31.18.180:27028/ycsb
Warmup execution time: 0
Warmup operations: 0
mongo connection created with 172.31.18.181:27028/ycsb
Warmup execution time: 0
Warmup operations: 0
mongo connection created with 172.31.18.180:27028/ycsb
Warmup execution time: 0
Warmup operations: 0
mongo connection created with 172.31.18.181:27028/ycsb
Warmup execution time: 0
Warmup operations: 0
mongo connection created with 172.31.18.181:27028/ycsb
Warmup execution time: 0
Warmup operations: 0
mongo connection created with 172.31.18.180:27028/ycsb
Warmup execution time: 0
Warmup operations: 0
mongo connection created with 172.31.18.180:27028/ycsb
Warmup execution time: 0
Warmup operations: 0
mongo connection created with 172.31.18.180:27028/ycsb
Warmup execution time: 0
Warmup operations: 0
mongo connection created with 172.31.18.181:27028/ycsb
Warmup execution time: 0
Warmup operations: 0
mongo connection created with 172.31.18.181:27028/ycsb
Warmup execution time: 0
Warmup operations: 0
mongo connection created with 172.31.18.180:27028/ycsb
Warmup execution time: 0
Warmup operations: 0
mongo connection created with 172.31.18.180:27028/ycsb
Warmup execution time: 0
Warmup operations: 0
mongo connection created with 172.31.18.180:27028/ycsb
Warmup execution time: 0
Warmup operations: 0
mongo connection created with 172.31.18.180:27028/ycsb
Warmup execution time: 0
Warmup operations: 0
mongo connection created with 172.31.18.180:27028/ycsb
Warmup execution time: 0
Warmup operations: 0
mongo connection created with 172.31.18.181:27028/ycsb
Warmup execution time: 0
Warmup operations: 0
Using Mongo URL: 172.31.18.180:27028
new database url = 172.31.18.180:27028/ycsb
Using Mongo URL: 172.31.18.180:27028
new database url = 172.31.18.180:27028/ycsb
Using Mongo URL: 172.31.18.180:27028
new database url = 172.31.18.180:27028/ycsb
Using Mongo URL: 172.31.18.180:27028
new database url = 172.31.18.180:27028/ycsb
Using Mongo URL: 172.31.18.181:27028
new database url = 172.31.18.181:27028/ycsb
Using Mongo URL: 172.31.18.181:27028
new database url = 172.31.18.181:27028/ycsb
Using Mongo URL: 172.31.18.181:27028
new database url = 172.31.18.181:27028/ycsb
Using Mongo URL: 172.31.18.181:27028
new database url = 172.31.18.181:27028/ycsb
Using Mongo URL: 172.31.18.181:27028
new database url = 172.31.18.181:27028/ycsb
Using Mongo URL: 172.31.18.180:27028
new database url = 172.31.18.180:27028/ycsb
Using Mongo URL: 172.31.18.181:27028
new database url = 172.31.18.181:27028/ycsb
Using Mongo URL: 172.31.18.181:27028
new database url = 172.31.18.181:27028/ycsb
Using Mongo URL: 172.31.18.181:27028
new database url = 172.31.18.181:27028/ycsb
Using Mongo URL: 172.31.18.180:27028
new database url = 172.31.18.180:27028/ycsb
Using Mongo URL: 172.31.18.180:27028
new database url = 172.31.18.180:27028/ycsb
Using Mongo URL: 172.31.18.181:27028
new database url = 172.31.18.181:27028/ycsb
Using Mongo URL: 172.31.18.180:27028
new database url = 172.31.18.180:27028/ycsb
 0 sec: 0 operations; 
Using Mongo URL: 172.31.18.181:27028
new database url = 172.31.18.181:27028/ycsb
Using Mongo URL: 172.31.18.180:27028
new database url = 172.31.18.180:27028/ycsb
Using Mongo URL: 172.31.18.181:27028
new database url = 172.31.18.181:27028/ycsb
Using Mongo URL: 172.31.18.181:27028
new database url = 172.31.18.181:27028/ycsb
Using Mongo URL: 172.31.18.181:27028
new database url = 172.31.18.181:27028/ycsb
Using Mongo URL: 172.31.18.180:27028
new database url = 172.31.18.180:27028/ycsb
Using Mongo URL: 172.31.18.180:27028
new database url = 172.31.18.180:27028/ycsb
Using Mongo URL: 172.31.18.180:27028
new database url = 172.31.18.180:27028/ycsb
Using Mongo URL: 172.31.18.181:27028
new database url = 172.31.18.181:27028/ycsb
Using Mongo URL: 172.31.18.181:27028
new database url = 172.31.18.181:27028/ycsb
Using Mongo URL: 172.31.18.180:27028
new database url = 172.31.18.180:27028/ycsb
Using Mongo URL: 172.31.18.180:27028
new database url = 172.31.18.180:27028/ycsb
Using Mongo URL: 172.31.18.180:27028
new database url = 172.31.18.180:27028/ycsb
mongo connection created with 172.31.18.180:27028/ycsb
mongo connection created with 172.31.18.180:27028/ycsb
mongo connection created with 172.31.18.180:27028/ycsb
mongo connection created with 172.31.18.181:27028/ycsb
mongo connection created with 172.31.18.181:27028/ycsb
mongo connection created with 172.31.18.180:27028/ycsb
mongo connection created with 172.31.18.180:27028/ycsb
mongo connection created with 172.31.18.180:27028/ycsb
mongo connection created with 172.31.18.181:27028/ycsb
mongo connection created with 172.31.18.181:27028/ycsb
mongo connection created with 172.31.18.181:27028/ycsb
mongo connection created with 172.31.18.180:27028/ycsb
mongo connection created with 172.31.18.181:27028/ycsb
mongo connection created with 172.31.18.180:27028/ycsb
mongo connection created with 172.31.18.181:27028/ycsb
mongo connection created with 172.31.18.180:27028/ycsb
mongo connection created with 172.31.18.180:27028/ycsb
mongo connection created with 172.31.18.181:27028/ycsb
mongo connection created with 172.31.18.181:27028/ycsb
mongo connection created with 172.31.18.180:27028/ycsb
mongo connection created with 172.31.18.181:27028/ycsb
mongo connection created with 172.31.18.180:27028/ycsb
mongo connection created with 172.31.18.181:27028/ycsb
mongo connection created with 172.31.18.181:27028/ycsb
mongo connection created with 172.31.18.181:27028/ycsb
mongo connection created with 172.31.18.181:27028/ycsb
mongo connection created with 172.31.18.181:27028/ycsb
mongo connection created with 172.31.18.180:27028/ycsb
mongo connection created with 172.31.18.180:27028/ycsb
mongo connection created with 172.31.18.180:27028/ycsb
 2 sec: 3662 operations; 1830.08 current ops/sec;   
 2 sec: 4980 operations; 2657.26 current ops/sec;    
[UPDATE], 0, 8535.272727272728, 110.0
[UPDATE], 100, 13608.727272727272, 110.0
[UPDATE], 200, 14301.857142857143, 70.0
[UPDATE], 300, 17527.5, 60.0
[UPDATE], 400, 29262.75, 80.0
[UPDATE], 500, 24464.4, 100.0
[UPDATE], 600, 26020.5, 20.0
[UPDATE], 700, 23679.2, 50.0
[UPDATE], 800, 30428.333333333332, 30.0
[UPDATE], 900, 31519.25, 80.0
[UPDATE], 1000, 19145.46153846154, 130.0
[UPDATE], 1100, 18408.75, 120.0
[UPDATE], 1200, 17404.6, 100.0
[UPDATE], 1300, 19717.18181818182, 110.0
[UPDATE], 1400, 16851.785714285714, 140.0
[UPDATE], 1500, 16438.714285714286, 70.0
[UPDATE], 1600, 15632.545454545454, 110.0
[UPDATE], 1700, 16427.29411764706, 170.0
[UPDATE], 1800, 15343.944444444445, 180.0
[UPDATE], 1900, 14751.809523809523, 210.0
[UPDATE], 2000, 12944.263157894737, 190.0
[UPDATE], 2100, 12265.058823529413, 170.0
[UPDATE], 2200, 10246.357142857143, 140.0
[READ], 0, 8252.893617021276, 1410.0
[READ], 100, 11229.12676056338, 1420.0
[READ], 200, 11555.487951807228, 1660.0
[READ], 300, 14790.49696969697, 1650.0
[READ], 400, 18762.375, 1440.0
[READ], 500, 19889.75, 1360.0
[READ], 600, 20672.979020979023, 1430.0
[READ], 700, 19380.598639455784, 1470.0
[READ], 800, 19260.900662251657, 1510.0
[READ], 900, 19564.258992805757, 1390.0
[READ], 1000, 15290.226315789474, 1900.0
[READ], 1100, 12890.562211981567, 2170.0
[READ], 1200, 12904.233644859813, 2140.0
[READ], 1300, 14628.36787564767, 1930.0
[READ], 1400, 12091.473684210527, 2280.0
[READ], 1500, 13061.802752293577, 2180.0
[READ], 1600, 12102.875, 2240.0
[READ], 1700, 12168.66515837104, 2210.0
[READ], 1800, 12197.621276595744, 2350.0
[READ], 1900, 11328.991631799163, 2390.0
[READ], 2000, 10484.339768339769, 2590.0
[READ], 2100, 10226.741818181818, 2750.0
[READ], 2200, 8020.480286738351, 2790.0
[READ], 2300, 4392.432203389831, 2360.0
[CLEANUP], 0, 259.94117647058823, 170.0
[CLEANUP], 100, 1663.6363636363637, 110.0
[UPDATE], 2300, 5634.777777777777, 90.0
[UPDATE], Operations, 264
[UPDATE], Retries, 0
[UPDATE], AverageLatency(us), 16435.685606060608
[UPDATE], MinLatency(us), 1568
[UPDATE], MaxLatency(us), 55358
[UPDATE], Return=0, 264
[READ], 2400, 3939.785714285714, 140.0
[READ], Operations, 4716
[READ], Retries, 0
[READ], AverageLatency(us), 12866.796861747243
[READ], MinLatency(us), 645
[READ], MaxLatency(us), 46228
[READ], Return=0, 4716
[CLEANUP], 200, 248.5, 20.0
[CLEANUP], Operations, 30
[CLEANUP], Retries, 0
[CLEANUP], AverageLatency(us), 773.8666666666667
[CLEANUP], MinLatency(us), 203
[CLEANUP], MaxLatency(us), 7715
[OVERALL], Reconnections, 0.0
[OVERALL], RunTime(ms), 2286.0
[OVERALL], Operations, 4980.0
[OVERALL], Throughput(ops/sec), 2178.477690288714
java -cp /opt/ycsb/mongodb-binding/lib/mongodb-binding-0.1.4.jar:/opt/ycsb/core/lib/core-0.1.4.jar com.yahoo.ycsb.Client -db com.yahoo.ycsb.db.MongoDbClient -s -P /opt/ycsb/workloads/workloadb -p mongodb.url=172.31.18.181:27028,172.31.18.180:27028 -p workload=com.yahoo.ycsb.workloads.CoreWorkload -p updateretrycount=1000 -p mongodb.writeConcern=normal -p mongodb.database=ycsb -p recordcount=10000 -p exportmeasurementsinterval=30000 -p fieldcount=10 -p timeseries.granularity=100 -p threadcount=30 -p insertretrycount=10 -p readretrycount=1000 -p ignoreinserterrors=false -p reconnectionthroughput=10 -p insertstart=50000 -p maxexecutiontime=1200 -p mongodb.readPreference=primaryPreferred -p measurementtype=timeseries -p reconnectiontime=1000 -p operationcount=5000 -p fieldlength=10 -t
