YCSB Client 0.1
Command line: -db com.yahoo.ycsb.db.MongoDbClient -s -P /opt/ycsb/workloads/workloada -p mongodb.url=172.31.18.181:27028,172.31.18.180:27028 -p workload=com.yahoo.ycsb.workloads.CoreWorkload -p updateretrycount=1000 -p mongodb.writeConcern=normal -p mongodb.database=ycsb -p recordcount=10000 -p exportmeasurementsinterval=30000 -p fieldcount=10 -p timeseries.granularity=100 -p threadcount=30 -p insertretrycount=10 -p readretrycount=1000 -p ignoreinserterrors=false -p reconnectionthroughput=10 -p insertstart=50000 -p maxexecutiontime=1200 -p mongodb.readPreference=primaryPreferred -p measurementtype=timeseries -p reconnectiontime=1000 -p operationcount=5000 -p fieldlength=10 -t
Using Mongo URL: 172.31.18.181:27028
Using Mongo URL: 172.31.18.181:27028
Using Mongo URL: 172.31.18.180:27028
Using Mongo URL: 172.31.18.180:27028
Using Mongo URL: 172.31.18.180:27028
Using Mongo URL: 172.31.18.180:27028
new database url = 172.31.18.180:27028/ycsb
new database url = 172.31.18.180:27028/ycsb
new database url = 172.31.18.181:27028/ycsb
new database url = 172.31.18.180:27028/ycsb
new database url = 172.31.18.181:27028/ycsb
new database url = 172.31.18.180:27028/ycsb
Using Mongo URL: 172.31.18.180:27028
new database url = 172.31.18.180:27028/ycsb
Using Mongo URL: 172.31.18.181:27028
new database url = 172.31.18.181:27028/ycsb
Using Mongo URL: 172.31.18.181:27028
new database url = 172.31.18.181:27028/ycsb
Using Mongo URL: 172.31.18.180:27028
new database url = 172.31.18.180:27028/ycsb
Using Mongo URL: 172.31.18.181:27028
new database url = 172.31.18.181:27028/ycsb
Using Mongo URL: 172.31.18.181:27028
new database url = 172.31.18.181:27028/ycsb
Using Mongo URL: 172.31.18.181:27028
new database url = 172.31.18.181:27028/ycsb
Using Mongo URL: 172.31.18.181:27028
new database url = 172.31.18.181:27028/ycsb
Using Mongo URL: 172.31.18.181:27028
new database url = 172.31.18.181:27028/ycsb
Using Mongo URL: 172.31.18.181:27028
new database url = 172.31.18.181:27028/ycsb
Using Mongo URL: 172.31.18.180:27028
new database url = 172.31.18.180:27028/ycsb
Using Mongo URL: 172.31.18.181:27028
new database url = 172.31.18.181:27028/ycsb
Using Mongo URL: 172.31.18.180:27028
new database url = 172.31.18.180:27028/ycsb
Using Mongo URL: 172.31.18.181:27028
new database url = 172.31.18.181:27028/ycsb
Using Mongo URL: 172.31.18.181:27028
new database url = 172.31.18.181:27028/ycsb
Using Mongo URL: 172.31.18.180:27028
new database url = 172.31.18.180:27028/ycsb
Using Mongo URL: 172.31.18.180:27028
new database url = 172.31.18.180:27028/ycsb
Using Mongo URL: 172.31.18.180:27028
new database url = 172.31.18.180:27028/ycsb
Using Mongo URL: 172.31.18.181:27028
new database url = 172.31.18.181:27028/ycsb
Using Mongo URL: 172.31.18.181:27028
new database url = 172.31.18.181:27028/ycsb
Using Mongo URL: 172.31.18.181:27028
new database url = 172.31.18.181:27028/ycsb
Using Mongo URL: 172.31.18.181:27028
new database url = 172.31.18.181:27028/ycsb
Using Mongo URL: 172.31.18.180:27028
new database url = 172.31.18.180:27028/ycsb
Using Mongo URL: 172.31.18.181:27028
new database url = 172.31.18.181:27028/ycsb
mongo connection created with 172.31.18.180:27028/ycsb
Warmup execution time: 0
Warmup operations: 0
mongo connection created with 172.31.18.180:27028/ycsb
Warmup execution time: 0
Warmup operations: 0
mongo connection created with 172.31.18.181:27028/ycsb
Warmup execution time: 0
Warmup operations: 0
mongo connection created with 172.31.18.181:27028/ycsb
Warmup execution time: 0
Warmup operations: 0
mongo connection created with 172.31.18.181:27028/ycsb
Warmup execution time: 0
Warmup operations: 0
mongo connection created with 172.31.18.181:27028/ycsb
Warmup execution time: 0
Warmup operations: 0
mongo connection created with 172.31.18.180:27028/ycsb
Warmup execution time: 0
Warmup operations: 0
mongo connection created with 172.31.18.180:27028/ycsb
Warmup execution time: 0
Warmup operations: 0
mongo connection created with 172.31.18.180:27028/ycsb
Warmup execution time: 0
Warmup operations: 0
mongo connection created with 172.31.18.181:27028/ycsb
Warmup execution time: 0
Warmup operations: 0
mongo connection created with 172.31.18.181:27028/ycsb
Warmup execution time: 0
Warmup operations: 0
mongo connection created with 172.31.18.180:27028/ycsb
Warmup execution time: 0
Warmup operations: 0
mongo connection created with 172.31.18.181:27028/ycsb
Warmup execution time: 0
Warmup operations: 0
mongo connection created with 172.31.18.180:27028/ycsb
Warmup execution time: 0
Warmup operations: 0
mongo connection created with 172.31.18.181:27028/ycsb
Warmup execution time: 0
Warmup operations: 0
mongo connection created with 172.31.18.181:27028/ycsb
Warmup execution time: 0
Warmup operations: 0
mongo connection created with 172.31.18.181:27028/ycsb
Warmup execution time: 0
Warmup operations: 0
mongo connection created with 172.31.18.181:27028/ycsb
Warmup execution time: 0
Warmup operations: 0
mongo connection created with 172.31.18.181:27028/ycsb
Warmup execution time: 0
Warmup operations: 0
mongo connection created with 172.31.18.181:27028/ycsb
Warmup execution time: 0
Warmup operations: 0
mongo connection created with 172.31.18.180:27028/ycsb
Warmup execution time: 0
Warmup operations: 0
mongo connection created with 172.31.18.181:27028/ycsb
Warmup execution time: 0
Warmup operations: 0
mongo connection created with 172.31.18.180:27028/ycsb
Warmup execution time: 0
Warmup operations: 0
mongo connection created with 172.31.18.180:27028/ycsb
Warmup execution time: 0
Warmup operations: 0
mongo connection created with 172.31.18.181:27028/ycsb
Warmup execution time: 0
Warmup operations: 0
mongo connection created with 172.31.18.180:27028/ycsb
Warmup execution time: 0
Warmup operations: 0
mongo connection created with 172.31.18.181:27028/ycsb
Warmup execution time: 0
Warmup operations: 0
mongo connection created with 172.31.18.180:27028/ycsb
Warmup execution time: 0
Warmup operations: 0
mongo connection created with 172.31.18.181:27028/ycsb
Warmup execution time: 0
Warmup operations: 0
mongo connection created with 172.31.18.181:27028/ycsb
Warmup execution time: 0
Warmup operations: 0
Using Mongo URL: 172.31.18.180:27028
new database url = 172.31.18.180:27028/ycsb
Using Mongo URL: 172.31.18.181:27028
new database url = 172.31.18.181:27028/ycsb
Using Mongo URL: 172.31.18.181:27028
new database url = 172.31.18.181:27028/ycsb
Using Mongo URL: 172.31.18.180:27028
new database url = 172.31.18.180:27028/ycsb
Using Mongo URL: 172.31.18.180:27028
new database url = 172.31.18.180:27028/ycsb
Using Mongo URL: 172.31.18.181:27028
new database url = 172.31.18.181:27028/ycsb
Using Mongo URL: 172.31.18.181:27028
new database url = 172.31.18.181:27028/ycsb
Using Mongo URL: 172.31.18.180:27028
new database url = 172.31.18.180:27028/ycsb
Using Mongo URL: 172.31.18.181:27028
new database url = 172.31.18.181:27028/ycsb
Using Mongo URL: 172.31.18.180:27028
new database url = 172.31.18.180:27028/ycsb
Using Mongo URL: 172.31.18.181:27028
new database url = 172.31.18.181:27028/ycsb
Using Mongo URL: 172.31.18.181:27028
new database url = 172.31.18.181:27028/ycsb
Using Mongo URL: 172.31.18.180:27028
new database url = 172.31.18.180:27028/ycsb
Using Mongo URL: 172.31.18.180:27028
new database url = 172.31.18.180:27028/ycsb
Using Mongo URL: 172.31.18.180:27028
new database url = 172.31.18.180:27028/ycsb
Using Mongo URL: 172.31.18.181:27028
new database url = 172.31.18.181:27028/ycsb
 0 sec: 0 operations; 
Using Mongo URL: 172.31.18.180:27028
new database url = 172.31.18.180:27028/ycsb
Using Mongo URL: 172.31.18.180:27028
new database url = 172.31.18.180:27028/ycsb
Using Mongo URL: 172.31.18.181:27028
new database url = 172.31.18.181:27028/ycsb
Using Mongo URL: 172.31.18.181:27028
new database url = 172.31.18.181:27028/ycsb
Using Mongo URL: 172.31.18.181:27028
new database url = 172.31.18.181:27028/ycsb
Using Mongo URL: 172.31.18.181:27028
new database url = 172.31.18.181:27028/ycsb
Using Mongo URL: 172.31.18.180:27028
new database url = 172.31.18.180:27028/ycsb
Using Mongo URL: 172.31.18.181:27028
new database url = 172.31.18.181:27028/ycsb
Using Mongo URL: 172.31.18.181:27028
new database url = 172.31.18.181:27028/ycsb
Using Mongo URL: 172.31.18.180:27028
new database url = 172.31.18.180:27028/ycsb
Using Mongo URL: 172.31.18.180:27028
new database url = 172.31.18.180:27028/ycsb
Using Mongo URL: 172.31.18.180:27028
new database url = 172.31.18.180:27028/ycsb
Using Mongo URL: 172.31.18.181:27028
new database url = 172.31.18.181:27028/ycsb
mongo connection created with 172.31.18.180:27028/ycsb
Using Mongo URL: 172.31.18.181:27028
new database url = 172.31.18.181:27028/ycsb
mongo connection created with 172.31.18.180:27028/ycsb
mongo connection created with 172.31.18.180:27028/ycsb
mongo connection created with 172.31.18.180:27028/ycsb
mongo connection created with 172.31.18.181:27028/ycsb
mongo connection created with 172.31.18.181:27028/ycsb
mongo connection created with 172.31.18.180:27028/ycsb
mongo connection created with 172.31.18.181:27028/ycsb
mongo connection created with 172.31.18.181:27028/ycsb
mongo connection created with 172.31.18.181:27028/ycsb
mongo connection created with 172.31.18.181:27028/ycsb
mongo connection created with 172.31.18.180:27028/ycsb
mongo connection created with 172.31.18.180:27028/ycsb
mongo connection created with 172.31.18.181:27028/ycsb
mongo connection created with 172.31.18.180:27028/ycsb
mongo connection created with 172.31.18.180:27028/ycsb
mongo connection created with 172.31.18.180:27028/ycsb
mongo connection created with 172.31.18.181:27028/ycsb
mongo connection created with 172.31.18.181:27028/ycsb
mongo connection created with 172.31.18.180:27028/ycsb
mongo connection created with 172.31.18.181:27028/ycsb
mongo connection created with 172.31.18.180:27028/ycsb
mongo connection created with 172.31.18.181:27028/ycsb
mongo connection created with 172.31.18.181:27028/ycsb
mongo connection created with 172.31.18.181:27028/ycsb
mongo connection created with 172.31.18.181:27028/ycsb
mongo connection created with 172.31.18.180:27028/ycsb
mongo connection created with 172.31.18.180:27028/ycsb
mongo connection created with 172.31.18.181:27028/ycsb
mongo connection created with 172.31.18.181:27028/ycsb
 2 sec: 3848 operations; 1924 current ops/sec;   
 2 sec: 4980 operations; 2626.45 current ops/sec;    
[UPDATE], 0, 16640.424242424244, 330.0
[UPDATE], 100, 19049.58024691358, 810.0
[UPDATE], 200, 22602.708333333332, 720.0
[UPDATE], 300, 19566.305263157894, 950.0
[UPDATE], 400, 17413.505494505494, 910.0
[UPDATE], 500, 17841.64761904762, 1050.0
[UPDATE], 600, 19112.31395348837, 860.0
[UPDATE], 700, 20976.52688172043, 930.0
[UPDATE], 800, 16905.317647058822, 850.0
[UPDATE], 900, 15589.656862745098, 1020.0
[UPDATE], 1000, 15508.0, 1160.0
[UPDATE], 1100, 15976.718446601943, 1030.0
[UPDATE], 1200, 14346.059322033898, 1180.0
[UPDATE], 1300, 15736.849557522124, 1130.0
[UPDATE], 1400, 15386.981651376147, 1090.0
[UPDATE], 1500, 14771.382352941177, 1020.0
[UPDATE], 1600, 14257.241935483871, 1240.0
[UPDATE], 1700, 15088.638655462184, 1190.0
[UPDATE], 1800, 14031.548387096775, 1240.0
[UPDATE], 1900, 14217.084905660377, 1060.0
[UPDATE], 2000, 13080.84347826087, 1150.0
[UPDATE], 2100, 11805.95945945946, 1480.0
[UPDATE], 2200, 9741.0, 1240.0
[READ], 0, 9195.627450980392, 510.0
[READ], 100, 17743.270588235293, 850.0
[READ], 200, 18346.58878504673, 1070.0
[READ], 300, 13989.563218390804, 870.0
[READ], 400, 14016.79411764706, 1020.0
[READ], 500, 12976.432098765432, 810.0
[READ], 600, 13722.813953488372, 860.0
[READ], 700, 14191.532608695652, 920.0
[READ], 800, 11808.064, 1250.0
[READ], 900, 12602.775862068966, 1160.0
[READ], 1000, 11846.85576923077, 1040.0
[READ], 1100, 11995.645454545454, 1100.0
[READ], 1200, 11340.688073394496, 1090.0
[READ], 1300, 12029.407407407407, 1080.0
[READ], 1400, 11685.281818181818, 1100.0
[READ], 1500, 11535.854838709678, 1240.0
[READ], 1600, 10348.68376068376, 1170.0
[READ], 1700, 11343.203703703704, 1080.0
[READ], 1800, 11085.407079646018, 1130.0
[READ], 1900, 11064.007299270073, 1370.0
[READ], 2000, 9516.73076923077, 1560.0
[READ], 2100, 8667.244897959185, 1470.0
[READ], 2200, 7040.659574468085, 1410.0
[CLEANUP], 0, 287.3, 100.0
[UPDATE], 2300, 7080.173076923077, 520.0
[UPDATE], Operations, 2416
[UPDATE], Retries, 0
[UPDATE], AverageLatency(us), 15478.233029801324
[UPDATE], MinLatency(us), 778
[UPDATE], MaxLatency(us), 166781
[UPDATE], Return=0, 2416
[READ], 2300, 5501.3125, 480.0
[READ], Operations, 2564
[READ], Retries, 0
[READ], AverageLatency(us), 11733.367394695788
[READ], MinLatency(us), 703
[READ], MaxLatency(us), 201193
[READ], Return=0, 2564
[CLEANUP], 100, 1511.55, 200.0
[CLEANUP], Operations, 30
[CLEANUP], Retries, 0
[CLEANUP], AverageLatency(us), 1103.4666666666667
[CLEANUP], MinLatency(us), 221
[CLEANUP], MaxLatency(us), 6724
[OVERALL], Reconnections, 0.0
[OVERALL], RunTime(ms), 2353.0
[OVERALL], Operations, 4980.0
[OVERALL], Throughput(ops/sec), 2116.4470888227793
java -cp /opt/ycsb/mongodb-binding/lib/mongodb-binding-0.1.4.jar:/opt/ycsb/core/lib/core-0.1.4.jar com.yahoo.ycsb.Client -db com.yahoo.ycsb.db.MongoDbClient -s -P /opt/ycsb/workloads/workloada -p mongodb.url=172.31.18.181:27028,172.31.18.180:27028 -p workload=com.yahoo.ycsb.workloads.CoreWorkload -p updateretrycount=1000 -p mongodb.writeConcern=normal -p mongodb.database=ycsb -p recordcount=10000 -p exportmeasurementsinterval=30000 -p fieldcount=10 -p timeseries.granularity=100 -p threadcount=30 -p insertretrycount=10 -p readretrycount=1000 -p ignoreinserterrors=false -p reconnectionthroughput=10 -p insertstart=50000 -p maxexecutiontime=1200 -p mongodb.readPreference=primaryPreferred -p measurementtype=timeseries -p reconnectiontime=1000 -p operationcount=5000 -p fieldlength=10 -t
