YCSB Client 0.1
Command line: -db com.yahoo.ycsb.db.MongoDbClient -s -p mongodb.url=172.31.18.181:27028,172.31.18.180:27028 -p workload=com.yahoo.ycsb.workloads.CoreWorkload -p updateretrycount=1000 -p mongodb.writeConcern=normal -p mongodb.database=ycsb -p recordcount=10000 -p exportmeasurementsinterval=30000 -p fieldcount=10 -p timeseries.granularity=100 -p threadcount=30 -p insertretrycount=10 -p readretrycount=1000 -p ignoreinserterrors=false -p reconnectionthroughput=10 -p insertstart=50000 -p maxexecutiontime=1200 -p mongodb.readPreference=primaryPreferred -p measurementtype=timeseries -p reconnectiontime=1000 -p operationcount=5000 -p fieldlength=10 -p insertstart=55000 -p insertcount=5000 -load
Using Mongo URL: 172.31.18.181:27028
Using Mongo URL: 172.31.18.180:27028
Using Mongo URL: 172.31.18.180:27028
new database url = 172.31.18.180:27028/ycsb
new database url = 172.31.18.181:27028/ycsb
new database url = 172.31.18.180:27028/ycsb
Using Mongo URL: 172.31.18.180:27028
new database url = 172.31.18.180:27028/ycsb
Using Mongo URL: 172.31.18.181:27028
new database url = 172.31.18.181:27028/ycsb
Using Mongo URL: 172.31.18.181:27028
new database url = 172.31.18.181:27028/ycsb
Using Mongo URL: 172.31.18.180:27028
new database url = 172.31.18.180:27028/ycsb
Using Mongo URL: 172.31.18.181:27028
new database url = 172.31.18.181:27028/ycsb
Using Mongo URL: 172.31.18.181:27028
new database url = 172.31.18.181:27028/ycsb
Using Mongo URL: 172.31.18.180:27028
new database url = 172.31.18.180:27028/ycsb
Using Mongo URL: 172.31.18.180:27028
new database url = 172.31.18.180:27028/ycsb
Using Mongo URL: 172.31.18.180:27028
new database url = 172.31.18.180:27028/ycsb
Using Mongo URL: 172.31.18.181:27028
new database url = 172.31.18.181:27028/ycsb
Using Mongo URL: 172.31.18.180:27028
new database url = 172.31.18.180:27028/ycsb
 0 sec: 0 operations; 
Using Mongo URL: 172.31.18.181:27028
new database url = 172.31.18.181:27028/ycsb
Using Mongo URL: 172.31.18.180:27028
new database url = 172.31.18.180:27028/ycsb
Using Mongo URL: 172.31.18.181:27028
new database url = 172.31.18.181:27028/ycsb
Using Mongo URL: 172.31.18.180:27028
new database url = 172.31.18.180:27028/ycsb
Using Mongo URL: 172.31.18.180:27028
new database url = 172.31.18.180:27028/ycsb
Using Mongo URL: 172.31.18.181:27028
new database url = 172.31.18.181:27028/ycsb
Using Mongo URL: 172.31.18.180:27028
new database url = 172.31.18.180:27028/ycsb
Using Mongo URL: 172.31.18.181:27028
new database url = 172.31.18.181:27028/ycsb
Using Mongo URL: 172.31.18.180:27028
new database url = 172.31.18.180:27028/ycsb
Using Mongo URL: 172.31.18.181:27028
new database url = 172.31.18.181:27028/ycsb
Using Mongo URL: 172.31.18.180:27028
new database url = 172.31.18.180:27028/ycsb
Using Mongo URL: 172.31.18.181:27028
new database url = 172.31.18.181:27028/ycsb
Using Mongo URL: 172.31.18.181:27028
new database url = 172.31.18.181:27028/ycsb
Using Mongo URL: 172.31.18.181:27028
new database url = 172.31.18.181:27028/ycsb
Using Mongo URL: 172.31.18.181:27028
new database url = 172.31.18.181:27028/ycsb
Using Mongo URL: 172.31.18.180:27028
new database url = 172.31.18.180:27028/ycsb
mongo connection created with 172.31.18.181:27028/ycsb
mongo connection created with 172.31.18.181:27028/ycsb
mongo connection created with 172.31.18.181:27028/ycsb
mongo connection created with 172.31.18.180:27028/ycsb
mongo connection created with 172.31.18.181:27028/ycsb
mongo connection created with 172.31.18.180:27028/ycsb
mongo connection created with 172.31.18.181:27028/ycsb
mongo connection created with 172.31.18.180:27028/ycsb
mongo connection created with 172.31.18.180:27028/ycsb
mongo connection created with 172.31.18.181:27028/ycsb
mongo connection created with 172.31.18.180:27028/ycsb
mongo connection created with 172.31.18.181:27028/ycsb
mongo connection created with 172.31.18.180:27028/ycsb
mongo connection created with 172.31.18.181:27028/ycsb
mongo connection created with 172.31.18.180:27028/ycsb
mongo connection created with 172.31.18.180:27028/ycsb
mongo connection created with 172.31.18.180:27028/ycsb
mongo connection created with 172.31.18.181:27028/ycsb
mongo connection created with 172.31.18.181:27028/ycsb
mongo connection created with 172.31.18.180:27028/ycsb
mongo connection created with 172.31.18.181:27028/ycsb
mongo connection created with 172.31.18.181:27028/ycsb
mongo connection created with 172.31.18.180:27028/ycsb
mongo connection created with 172.31.18.180:27028/ycsb
mongo connection created with 172.31.18.181:27028/ycsb
mongo connection created with 172.31.18.180:27028/ycsb
mongo connection created with 172.31.18.180:27028/ycsb
mongo connection created with 172.31.18.180:27028/ycsb
mongo connection created with 172.31.18.181:27028/ycsb
mongo connection created with 172.31.18.181:27028/ycsb
 2 sec: 2488 operations; 1243.38 current ops/sec;  
 3 sec: 4980 operations; 2447.94 current ops/sec;   
[INSERT], 0, 39225.91588785047, 1070.0
[INSERT], 100, 25503.561983471074, 1210.0
[INSERT], 200, 25853.38260869565, 1150.0
[INSERT], 300, 25551.945454545454, 1100.0
[INSERT], 400, 26284.88888888889, 1170.0
[INSERT], 500, 24427.603174603173, 1260.0
[INSERT], 600, 24428.54098360656, 1220.0
[INSERT], 700, 23759.889763779527, 1270.0
[INSERT], 800, 23242.420634920636, 1260.0
[INSERT], 900, 21318.507246376812, 1380.0
[INSERT], 1000, 22534.347826086956, 1380.0
[INSERT], 1100, 23039.488372093023, 1290.0
[INSERT], 1200, 19883.38157894737, 1520.0
[INSERT], 1300, 20037.02, 1500.0
[INSERT], 1400, 17198.73033707865, 1780.0
[INSERT], 1500, 14101.658653846154, 2080.0
[INSERT], 1600, 14450.903846153846, 2080.0
[INSERT], 1700, 14168.961538461539, 2080.0
[INSERT], 1800, 13160.62660944206, 2330.0
[INSERT], 1900, 12285.267206477733, 2470.0
[INSERT], 2000, 11571.725806451614, 2480.0
[INSERT], 2100, 13858.880733944954, 2180.0
[INSERT], 2200, 11706.969230769231, 2600.0
[INSERT], 2300, 11523.364705882354, 2550.0
[INSERT], 2400, 11701.6640625, 2560.0
[INSERT], 2500, 12009.273092369478, 2490.0
[INSERT], 2600, 11729.980544747083, 2570.0
[INSERT], 2700, 9608.474576271186, 1770.0
[INSERT], Operations, 4980
[INSERT], Retries, 0
[INSERT], AverageLatency(us), 16831.523493975903
[INSERT], MinLatency(us), 991
[INSERT], MaxLatency(us), 171091
[INSERT], Return=0, 4980
[CLEANUP], 0, 702.2333333333333, 300.0
[CLEANUP], Operations, 30
[CLEANUP], Retries, 0
[CLEANUP], AverageLatency(us), 702.2333333333333
[CLEANUP], MinLatency(us), 229
[CLEANUP], MaxLatency(us), 5019
[OVERALL], Reconnections, 0.0
[OVERALL], RunTime(ms), 2845.0
[OVERALL], Operations, 4980.0
[OVERALL], Throughput(ops/sec), 1750.4393673110721
java -cp /opt/ycsb/mongodb-binding/lib/mongodb-binding-0.1.4.jar:/opt/ycsb/core/lib/core-0.1.4.jar com.yahoo.ycsb.Client -db com.yahoo.ycsb.db.MongoDbClient -s -p mongodb.url=172.31.18.181:27028,172.31.18.180:27028 -p workload=com.yahoo.ycsb.workloads.CoreWorkload -p updateretrycount=1000 -p mongodb.writeConcern=normal -p mongodb.database=ycsb -p recordcount=10000 -p exportmeasurementsinterval=30000 -p fieldcount=10 -p timeseries.granularity=100 -p threadcount=30 -p insertretrycount=10 -p readretrycount=1000 -p ignoreinserterrors=false -p reconnectionthroughput=10 -p insertstart=50000 -p maxexecutiontime=1200 -p mongodb.readPreference=primaryPreferred -p measurementtype=timeseries -p reconnectiontime=1000 -p operationcount=5000 -p fieldlength=10 -p insertstart=55000 -p insertcount=5000 -load
