YCSB Client 0.1
Command line: -db com.yahoo.ycsb.db.MongoDbClient -s -P /opt/ycsb/workloads/workloadb -p mongodb.url=172.31.18.181:27028,172.31.18.180:27028 -p workload=com.yahoo.ycsb.workloads.CoreWorkload -p updateretrycount=1000 -p mongodb.writeConcern=normal -p mongodb.database=ycsb -p recordcount=10000 -p exportmeasurementsinterval=30000 -p fieldcount=10 -p timeseries.granularity=100 -p threadcount=30 -p insertretrycount=10 -p readretrycount=1000 -p ignoreinserterrors=false -p reconnectionthroughput=10 -p insertstart=60000 -p maxexecutiontime=1200 -p mongodb.readPreference=primaryPreferred -p measurementtype=timeseries -p reconnectiontime=1000 -p operationcount=5000 -p fieldlength=10 -t
Using Mongo URL: 172.31.18.181:27028
Using Mongo URL: 172.31.18.181:27028
Using Mongo URL: 172.31.18.180:27028
Using Mongo URL: 172.31.18.180:27028
Using Mongo URL: 172.31.18.180:27028
new database url = 172.31.18.181:27028/ycsb
new database url = 172.31.18.180:27028/ycsb
new database url = 172.31.18.181:27028/ycsb
new database url = 172.31.18.180:27028/ycsb
new database url = 172.31.18.180:27028/ycsb
Using Mongo URL: 172.31.18.180:27028
new database url = 172.31.18.180:27028/ycsb
Using Mongo URL: 172.31.18.181:27028
new database url = 172.31.18.181:27028/ycsb
Using Mongo URL: 172.31.18.181:27028
new database url = 172.31.18.181:27028/ycsb
Using Mongo URL: 172.31.18.181:27028
new database url = 172.31.18.181:27028/ycsb
Using Mongo URL: 172.31.18.181:27028
new database url = 172.31.18.181:27028/ycsb
Using Mongo URL: 172.31.18.180:27028
new database url = 172.31.18.180:27028/ycsb
Using Mongo URL: 172.31.18.180:27028
new database url = 172.31.18.180:27028/ycsb
Using Mongo URL: 172.31.18.181:27028
new database url = 172.31.18.181:27028/ycsb
Using Mongo URL: 172.31.18.180:27028
new database url = 172.31.18.180:27028/ycsb
Using Mongo URL: 172.31.18.181:27028
new database url = 172.31.18.181:27028/ycsb
Using Mongo URL: 172.31.18.181:27028
new database url = 172.31.18.181:27028/ycsb
Using Mongo URL: 172.31.18.180:27028
new database url = 172.31.18.180:27028/ycsb
Using Mongo URL: 172.31.18.181:27028
new database url = 172.31.18.181:27028/ycsb
Using Mongo URL: 172.31.18.181:27028
new database url = 172.31.18.181:27028/ycsb
Using Mongo URL: 172.31.18.181:27028
new database url = 172.31.18.181:27028/ycsb
Using Mongo URL: 172.31.18.180:27028
new database url = 172.31.18.180:27028/ycsb
Using Mongo URL: 172.31.18.180:27028
new database url = 172.31.18.180:27028/ycsb
Using Mongo URL: 172.31.18.181:27028
new database url = 172.31.18.181:27028/ycsb
Using Mongo URL: 172.31.18.181:27028
new database url = 172.31.18.181:27028/ycsb
Using Mongo URL: 172.31.18.180:27028
new database url = 172.31.18.180:27028/ycsb
Using Mongo URL: 172.31.18.181:27028
new database url = 172.31.18.181:27028/ycsb
Using Mongo URL: 172.31.18.180:27028
new database url = 172.31.18.180:27028/ycsb
Using Mongo URL: 172.31.18.181:27028
new database url = 172.31.18.181:27028/ycsb
Using Mongo URL: 172.31.18.180:27028
new database url = 172.31.18.180:27028/ycsb
Using Mongo URL: 172.31.18.180:27028
new database url = 172.31.18.180:27028/ycsb
mongo connection created with 172.31.18.181:27028/ycsb
Warmup execution time: 0
Warmup operations: 0
mongo connection created with 172.31.18.180:27028/ycsb
Warmup execution time: 0
Warmup operations: 0
mongo connection created with 172.31.18.181:27028/ycsb
Warmup execution time: 0
Warmup operations: 0
mongo connection created with 172.31.18.180:27028/ycsb
Warmup execution time: 0
Warmup operations: 0
mongo connection created with 172.31.18.181:27028/ycsb
Warmup execution time: 0
Warmup operations: 0
mongo connection created with 172.31.18.180:27028/ycsb
Warmup execution time: 0
Warmup operations: 0
mongo connection created with 172.31.18.181:27028/ycsb
Warmup execution time: 0
Warmup operations: 0
mongo connection created with 172.31.18.181:27028/ycsb
Warmup execution time: 0
Warmup operations: 0
mongo connection created with 172.31.18.180:27028/ycsb
Warmup execution time: 0
Warmup operations: 0
mongo connection created with 172.31.18.180:27028/ycsb
Warmup execution time: 0
Warmup operations: 0
mongo connection created with 172.31.18.181:27028/ycsb
Warmup execution time: 0
Warmup operations: 0
mongo connection created with 172.31.18.181:27028/ycsb
Warmup execution time: 0
Warmup operations: 0
mongo connection created with 172.31.18.181:27028/ycsb
Warmup execution time: 0
Warmup operations: 0
mongo connection created with 172.31.18.180:27028/ycsb
Warmup execution time: 0
Warmup operations: 0
mongo connection created with 172.31.18.181:27028/ycsb
Warmup execution time: 0
Warmup operations: 0
mongo connection created with 172.31.18.181:27028/ycsb
Warmup execution time: 0
Warmup operations: 0
mongo connection created with 172.31.18.180:27028/ycsb
Warmup execution time: 0
Warmup operations: 0
mongo connection created with 172.31.18.181:27028/ycsb
Warmup execution time: 0
Warmup operations: 0
mongo connection created with 172.31.18.180:27028/ycsb
Warmup execution time: 0
Warmup operations: 0
mongo connection created with 172.31.18.180:27028/ycsb
Warmup execution time: 0
Warmup operations: 0
mongo connection created with 172.31.18.181:27028/ycsb
Warmup execution time: 0
Warmup operations: 0
mongo connection created with 172.31.18.181:27028/ycsb
Warmup execution time: 0
Warmup operations: 0
mongo connection created with 172.31.18.181:27028/ycsb
Warmup execution time: 0
Warmup operations: 0
mongo connection created with 172.31.18.181:27028/ycsb
Warmup execution time: 0
Warmup operations: 0
mongo connection created with 172.31.18.180:27028/ycsb
Warmup execution time: 0
Warmup operations: 0
mongo connection created with 172.31.18.181:27028/ycsb
Warmup execution time: 0
Warmup operations: 0
mongo connection created with 172.31.18.180:27028/ycsb
Warmup execution time: 0
Warmup operations: 0
mongo connection created with 172.31.18.180:27028/ycsb
Warmup execution time: 0
Warmup operations: 0
mongo connection created with 172.31.18.180:27028/ycsb
Warmup execution time: 0
Warmup operations: 0
mongo connection created with 172.31.18.180:27028/ycsb
Warmup execution time: 0
Warmup operations: 0
Using Mongo URL: 172.31.18.180:27028
new database url = 172.31.18.180:27028/ycsb
Using Mongo URL: 172.31.18.180:27028
new database url = 172.31.18.180:27028/ycsb
Using Mongo URL: 172.31.18.181:27028
new database url = 172.31.18.181:27028/ycsb
Using Mongo URL: 172.31.18.181:27028
new database url = 172.31.18.181:27028/ycsb
Using Mongo URL: 172.31.18.180:27028
new database url = 172.31.18.180:27028/ycsb
Using Mongo URL: 172.31.18.180:27028
new database url = 172.31.18.180:27028/ycsb
Using Mongo URL: 172.31.18.180:27028
new database url = 172.31.18.180:27028/ycsb
Using Mongo URL: 172.31.18.180:27028
new database url = 172.31.18.180:27028/ycsb
Using Mongo URL: 172.31.18.180:27028
new database url = 172.31.18.180:27028/ycsb
Using Mongo URL: 172.31.18.181:27028
new database url = 172.31.18.181:27028/ycsb
Using Mongo URL: 172.31.18.181:27028
new database url = 172.31.18.181:27028/ycsb
Using Mongo URL: 172.31.18.181:27028
new database url = 172.31.18.181:27028/ycsb
Using Mongo URL: 172.31.18.181:27028
new database url = 172.31.18.181:27028/ycsb
Using Mongo URL: 172.31.18.180:27028
new database url = 172.31.18.180:27028/ycsb
Using Mongo URL: 172.31.18.181:27028
new database url = 172.31.18.181:27028/ycsb
 0 sec: 0 operations; 
Using Mongo URL: 172.31.18.180:27028
new database url = 172.31.18.180:27028/ycsb
Using Mongo URL: 172.31.18.180:27028
new database url = 172.31.18.180:27028/ycsb
Using Mongo URL: 172.31.18.180:27028
new database url = 172.31.18.180:27028/ycsb
Using Mongo URL: 172.31.18.180:27028
new database url = 172.31.18.180:27028/ycsb
Using Mongo URL: 172.31.18.180:27028
new database url = 172.31.18.180:27028/ycsb
Using Mongo URL: 172.31.18.180:27028
new database url = 172.31.18.180:27028/ycsb
Using Mongo URL: 172.31.18.180:27028
new database url = 172.31.18.180:27028/ycsb
Using Mongo URL: 172.31.18.181:27028
new database url = 172.31.18.181:27028/ycsb
Using Mongo URL: 172.31.18.180:27028
new database url = 172.31.18.180:27028/ycsb
Using Mongo URL: 172.31.18.180:27028
new database url = 172.31.18.180:27028/ycsb
Using Mongo URL: 172.31.18.180:27028
new database url = 172.31.18.180:27028/ycsb
Using Mongo URL: 172.31.18.180:27028
new database url = 172.31.18.180:27028/ycsb
Using Mongo URL: 172.31.18.180:27028
new database url = 172.31.18.180:27028/ycsb
Using Mongo URL: 172.31.18.181:27028
new database url = 172.31.18.181:27028/ycsb
Using Mongo URL: 172.31.18.180:27028
new database url = 172.31.18.180:27028/ycsb
mongo connection created with 172.31.18.180:27028/ycsb
mongo connection created with 172.31.18.181:27028/ycsb
mongo connection created with 172.31.18.180:27028/ycsb
mongo connection created with 172.31.18.180:27028/ycsb
mongo connection created with 172.31.18.180:27028/ycsb
mongo connection created with 172.31.18.180:27028/ycsb
mongo connection created with 172.31.18.180:27028/ycsb
mongo connection created with 172.31.18.181:27028/ycsb
mongo connection created with 172.31.18.180:27028/ycsb
mongo connection created with 172.31.18.180:27028/ycsb
mongo connection created with 172.31.18.180:27028/ycsb
mongo connection created with 172.31.18.180:27028/ycsb
mongo connection created with 172.31.18.180:27028/ycsb
mongo connection created with 172.31.18.180:27028/ycsb
mongo connection created with 172.31.18.180:27028/ycsb
mongo connection created with 172.31.18.181:27028/ycsb
mongo connection created with 172.31.18.180:27028/ycsb
mongo connection created with 172.31.18.181:27028/ycsb
mongo connection created with 172.31.18.181:27028/ycsb
mongo connection created with 172.31.18.181:27028/ycsb
mongo connection created with 172.31.18.181:27028/ycsb
mongo connection created with 172.31.18.180:27028/ycsb
mongo connection created with 172.31.18.180:27028/ycsb
mongo connection created with 172.31.18.180:27028/ycsb
mongo connection created with 172.31.18.180:27028/ycsb
mongo connection created with 172.31.18.180:27028/ycsb
mongo connection created with 172.31.18.180:27028/ycsb
mongo connection created with 172.31.18.181:27028/ycsb
mongo connection created with 172.31.18.181:27028/ycsb
mongo connection created with 172.31.18.180:27028/ycsb
 2 sec: 3912 operations; 1956 current ops/sec;   
 3 sec: 4980 operations; 722.11 current ops/sec;    
[UPDATE], 0, 18776.30769230769, 130.0
[UPDATE], 100, 15551.76923076923, 130.0
[UPDATE], 200, 22662.666666666668, 60.0
[UPDATE], 300, 18679.0, 120.0
[UPDATE], 400, 22677.2, 100.0
[UPDATE], 500, 23742.444444444445, 90.0
[UPDATE], 600, 19184.81818181818, 110.0
[UPDATE], 700, 17648.7, 100.0
[UPDATE], 800, 17102.615384615383, 130.0
[UPDATE], 900, 17762.0, 120.0
[UPDATE], 1000, 17321.0, 110.0
[UPDATE], 1100, 16202.07142857143, 140.0
[UPDATE], 1200, 16111.615384615385, 130.0
[UPDATE], 1300, 19426.3125, 160.0
[UPDATE], 1400, 15484.857142857143, 70.0
[UPDATE], 1500, 16792.066666666666, 150.0
[UPDATE], 1600, 15858.833333333334, 120.0
[UPDATE], 1700, 15575.416666666666, 120.0
[UPDATE], 1800, 15321.0625, 160.0
[UPDATE], 1900, 14496.4375, 160.0
[UPDATE], 2000, 16909.466666666667, 150.0
[UPDATE], 2100, 11921.176470588236, 170.0
[READ], 0, 8268.771812080537, 1490.0
[READ], 100, 16959.917525773195, 970.0
[READ], 200, 13508.175824175823, 1820.0
[READ], 300, 16839.012422360247, 1610.0
[READ], 400, 17642.962264150945, 1590.0
[READ], 500, 19713.791366906476, 1390.0
[READ], 600, 17327.357575757575, 1650.0
[READ], 700, 14710.081967213115, 1830.0
[READ], 800, 14767.763157894737, 1900.0
[READ], 900, 13340.747619047619, 2100.0
[READ], 1000, 13068.440366972478, 2180.0
[READ], 1100, 13342.4039408867, 2030.0
[READ], 1200, 12230.788793103447, 2320.0
[READ], 1300, 12649.873873873874, 2220.0
[READ], 1400, 13258.467005076142, 1970.0
[READ], 1500, 12109.25925925926, 2430.0
[READ], 1600, 12169.222707423582, 2290.0
[READ], 1700, 12015.378260869566, 2300.0
[READ], 1800, 12153.969957081545, 2330.0
[READ], 1900, 12145.42857142857, 2240.0
[READ], 2000, 11326.371900826447, 2420.0
[READ], 2100, 11868.540425531915, 2350.0
[READ], 2200, 7867.053719008264, 2420.0
[READ], 2300, 3769.4835164835163, 910.0
[READ], 3300, 44061.48148148148, 270.0
[CLEANUP], 0, 1181.8181818181818, 110.0
[CLEANUP], 100, 702.2222222222222, 180.0
[UPDATE], 2200, 6598.333333333333, 30.0
[UPDATE], Operations, 276
[UPDATE], Retries, 0
[UPDATE], AverageLatency(us), 17022.231884057972
[UPDATE], MinLatency(us), 2294
[UPDATE], MaxLatency(us), 57494
[UPDATE], Return=0, 276
[READ], 3400, 545.0, 10.0
[READ], Operations, 4704
[READ], Retries, 1000
[READ], AverageLatency(us), 13090.595663265307
[READ], MinLatency(us), 535
[READ], MaxLatency(us), 1172559
[READ], Return=0, 4703
[READ], Return=1, 1
[CLEANUP], 1200, 389.0, 10.0
[CLEANUP], Operations, 30
[CLEANUP], Retries, 0
[CLEANUP], AverageLatency(us), 867.6333333333333
[CLEANUP], MinLatency(us), 213
[CLEANUP], MaxLatency(us), 6341
[OVERALL], Reconnections, 0.0
[OVERALL], RunTime(ms), 3098.0
[OVERALL], Operations, 4980.0
[OVERALL], Throughput(ops/sec), 1607.4887023886379
java -cp /opt/ycsb/mongodb-binding/lib/mongodb-binding-0.1.4.jar:/opt/ycsb/core/lib/core-0.1.4.jar com.yahoo.ycsb.Client -db com.yahoo.ycsb.db.MongoDbClient -s -P /opt/ycsb/workloads/workloadb -p mongodb.url=172.31.18.181:27028,172.31.18.180:27028 -p workload=com.yahoo.ycsb.workloads.CoreWorkload -p updateretrycount=1000 -p mongodb.writeConcern=normal -p mongodb.database=ycsb -p recordcount=10000 -p exportmeasurementsinterval=30000 -p fieldcount=10 -p timeseries.granularity=100 -p threadcount=30 -p insertretrycount=10 -p readretrycount=1000 -p ignoreinserterrors=false -p reconnectionthroughput=10 -p insertstart=60000 -p maxexecutiontime=1200 -p mongodb.readPreference=primaryPreferred -p measurementtype=timeseries -p reconnectiontime=1000 -p operationcount=5000 -p fieldlength=10 -t
