YCSB Client 0.1
Command line: -db com.yahoo.ycsb.db.MongoDbClient -s -p mongodb.url=172.31.18.181:27028,172.31.18.180:27028 -p workload=com.yahoo.ycsb.workloads.CoreWorkload -p updateretrycount=1000 -p mongodb.writeConcern=normal -p mongodb.database=ycsb -p recordcount=10000 -p exportmeasurementsinterval=30000 -p fieldcount=10 -p timeseries.granularity=100 -p threadcount=30 -p insertretrycount=10 -p readretrycount=1000 -p ignoreinserterrors=false -p reconnectionthroughput=10 -p insertstart=30000 -p maxexecutiontime=1200 -p mongodb.readPreference=primaryPreferred -p measurementtype=timeseries -p reconnectiontime=1000 -p operationcount=5000 -p fieldlength=10 -p insertstart=35000 -p insertcount=5000 -load
Using Mongo URL: 172.31.18.180:27028
Using Mongo URL: 172.31.18.180:27028
Using Mongo URL: 172.31.18.181:27028
Using Mongo URL: 172.31.18.180:27028
Using Mongo URL: 172.31.18.180:27028
Using Mongo URL: 172.31.18.181:27028
Using Mongo URL: 172.31.18.181:27028
Using Mongo URL: 172.31.18.180:27028
new database url = 172.31.18.180:27028/ycsb
new database url = 172.31.18.181:27028/ycsb
new database url = 172.31.18.181:27028/ycsb
new database url = 172.31.18.180:27028/ycsb
new database url = 172.31.18.180:27028/ycsb
new database url = 172.31.18.181:27028/ycsb
new database url = 172.31.18.180:27028/ycsb
new database url = 172.31.18.180:27028/ycsb
Using Mongo URL: 172.31.18.180:27028
new database url = 172.31.18.180:27028/ycsb
Using Mongo URL: 172.31.18.181:27028
new database url = 172.31.18.181:27028/ycsb
Using Mongo URL: 172.31.18.180:27028
new database url = 172.31.18.180:27028/ycsb
Using Mongo URL: 172.31.18.180:27028
new database url = 172.31.18.180:27028/ycsb
Using Mongo URL: 172.31.18.180:27028
new database url = 172.31.18.180:27028/ycsb
Using Mongo URL: 172.31.18.180:27028
new database url = 172.31.18.180:27028/ycsb
Using Mongo URL: 172.31.18.181:27028
new database url = 172.31.18.181:27028/ycsb
Using Mongo URL: 172.31.18.181:27028
new database url = 172.31.18.181:27028/ycsb
 0 sec: 0 operations; 
Using Mongo URL: 172.31.18.180:27028
new database url = 172.31.18.180:27028/ycsb
Using Mongo URL: 172.31.18.180:27028
new database url = 172.31.18.180:27028/ycsb
Using Mongo URL: 172.31.18.181:27028
new database url = 172.31.18.181:27028/ycsb
Using Mongo URL: 172.31.18.180:27028
new database url = 172.31.18.180:27028/ycsb
Using Mongo URL: 172.31.18.181:27028
new database url = 172.31.18.181:27028/ycsb
Using Mongo URL: 172.31.18.180:27028
new database url = 172.31.18.180:27028/ycsb
Using Mongo URL: 172.31.18.181:27028
new database url = 172.31.18.181:27028/ycsb
Using Mongo URL: 172.31.18.181:27028
new database url = 172.31.18.181:27028/ycsb
Using Mongo URL: 172.31.18.181:27028
new database url = 172.31.18.181:27028/ycsb
Using Mongo URL: 172.31.18.180:27028
new database url = 172.31.18.180:27028/ycsb
Using Mongo URL: 172.31.18.181:27028
new database url = 172.31.18.181:27028/ycsb
Using Mongo URL: 172.31.18.180:27028
new database url = 172.31.18.180:27028/ycsb
Using Mongo URL: 172.31.18.181:27028
new database url = 172.31.18.181:27028/ycsb
Using Mongo URL: 172.31.18.181:27028
new database url = 172.31.18.181:27028/ycsb
mongo connection created with 172.31.18.181:27028/ycsb
mongo connection created with 172.31.18.181:27028/ycsb
mongo connection created with 172.31.18.181:27028/ycsb
mongo connection created with 172.31.18.180:27028/ycsb
mongo connection created with 172.31.18.181:27028/ycsb
mongo connection created with 172.31.18.180:27028/ycsb
mongo connection created with 172.31.18.181:27028/ycsb
mongo connection created with 172.31.18.180:27028/ycsb
mongo connection created with 172.31.18.180:27028/ycsb
mongo connection created with 172.31.18.180:27028/ycsb
mongo connection created with 172.31.18.181:27028/ycsb
mongo connection created with 172.31.18.180:27028/ycsb
mongo connection created with 172.31.18.181:27028/ycsb
mongo connection created with 172.31.18.180:27028/ycsb
mongo connection created with 172.31.18.181:27028/ycsb
mongo connection created with 172.31.18.180:27028/ycsb
mongo connection created with 172.31.18.180:27028/ycsb
mongo connection created with 172.31.18.180:27028/ycsb
mongo connection created with 172.31.18.180:27028/ycsb
mongo connection created with 172.31.18.181:27028/ycsb
mongo connection created with 172.31.18.181:27028/ycsb
mongo connection created with 172.31.18.180:27028/ycsb
mongo connection created with 172.31.18.180:27028/ycsb
mongo connection created with 172.31.18.180:27028/ycsb
mongo connection created with 172.31.18.181:27028/ycsb
mongo connection created with 172.31.18.180:27028/ycsb
mongo connection created with 172.31.18.181:27028/ycsb
mongo connection created with 172.31.18.180:27028/ycsb
mongo connection created with 172.31.18.181:27028/ycsb
mongo connection created with 172.31.18.181:27028/ycsb
 2 sec: 3078 operations; 1539 current ops/sec;  
 2 sec: 4980 operations; 2154.02 current ops/sec;   
[INSERT], 0, 29857.297297297297, 1110.0
[INSERT], 100, 33607.77647058824, 850.0
[INSERT], 200, 25100.18487394958, 1190.0
[INSERT], 300, 22411.822033898305, 1180.0
[INSERT], 500, 58976.490909090906, 1100.0
[INSERT], 600, 13750.715639810427, 2110.0
[INSERT], 700, 10564.59765625, 2560.0
[INSERT], 800, 10583.0, 50.0
[INSERT], 900, 31249.18274111675, 1970.0
[INSERT], 1000, 15604.840206185567, 1940.0
[INSERT], 1100, 10215.308474576272, 2950.0
[INSERT], 1200, 9828.957792207791, 3080.0
[INSERT], 1300, 11656.4453125, 2560.0
[INSERT], 1400, 10132.240131578947, 3040.0
[INSERT], 1500, 9285.412307692308, 3250.0
[INSERT], 1600, 8602.771739130434, 1840.0
[INSERT], 1700, 50842.042253521126, 710.0
[INSERT], 1800, 12051.498257839721, 2870.0
[INSERT], 1900, 11142.151315789473, 3040.0
[INSERT], 2000, 9260.795597484277, 3180.0
[INSERT], 2100, 12922.918552036199, 2210.0
[INSERT], 2200, 7725.168284789644, 3090.0
[INSERT], 2400, 81819.21666666666, 600.0
[INSERT], 2500, 11554.607329842933, 1910.0
[CLEANUP], 0, 867.0, 50.0
[CLEANUP], 200, 779.5555555555555, 90.0
[INSERT], 2600, 5120.148936170212, 1410.0
[INSERT], Operations, 4980
[INSERT], Retries, 0
[INSERT], AverageLatency(us), 15325.214056224899
[INSERT], MinLatency(us), 656
[INSERT], MaxLatency(us), 234687
[INSERT], Return=0, 4980
[CLEANUP], 300, 466.3125, 160.0
[CLEANUP], Operations, 30
[CLEANUP], Retries, 0
[CLEANUP], AverageLatency(us), 627.0666666666667
[CLEANUP], MinLatency(us), 227
[CLEANUP], MaxLatency(us), 2071
[OVERALL], Reconnections, 0.0
[OVERALL], RunTime(ms), 2710.0
[OVERALL], Operations, 4980.0
[OVERALL], Throughput(ops/sec), 1837.638376383764
java -cp /opt/ycsb/mongodb-binding/lib/mongodb-binding-0.1.4.jar:/opt/ycsb/core/lib/core-0.1.4.jar com.yahoo.ycsb.Client -db com.yahoo.ycsb.db.MongoDbClient -s -p mongodb.url=172.31.18.181:27028,172.31.18.180:27028 -p workload=com.yahoo.ycsb.workloads.CoreWorkload -p updateretrycount=1000 -p mongodb.writeConcern=normal -p mongodb.database=ycsb -p recordcount=10000 -p exportmeasurementsinterval=30000 -p fieldcount=10 -p timeseries.granularity=100 -p threadcount=30 -p insertretrycount=10 -p readretrycount=1000 -p ignoreinserterrors=false -p reconnectionthroughput=10 -p insertstart=30000 -p maxexecutiontime=1200 -p mongodb.readPreference=primaryPreferred -p measurementtype=timeseries -p reconnectiontime=1000 -p operationcount=5000 -p fieldlength=10 -p insertstart=35000 -p insertcount=5000 -load
