YCSB Client 0.1
Command line: -db com.yahoo.ycsb.db.MongoDbClient -s -P /opt/ycsb/workloads/workloada -p mongodb.url=172.31.18.181:27028,172.31.18.180:27028 -p workload=com.yahoo.ycsb.workloads.CoreWorkload -p updateretrycount=1000 -p mongodb.writeConcern=normal -p mongodb.database=ycsb -p recordcount=10000 -p exportmeasurementsinterval=30000 -p fieldcount=10 -p timeseries.granularity=100 -p threadcount=30 -p insertretrycount=10 -p readretrycount=1000 -p ignoreinserterrors=false -p reconnectionthroughput=10 -p insertstart=30000 -p maxexecutiontime=1200 -p mongodb.readPreference=primaryPreferred -p measurementtype=timeseries -p reconnectiontime=1000 -p operationcount=5000 -p fieldlength=10 -t
Using Mongo URL: 172.31.18.181:27028
Using Mongo URL: 172.31.18.180:27028
Using Mongo URL: 172.31.18.180:27028
Using Mongo URL: 172.31.18.180:27028
Using Mongo URL: 172.31.18.180:27028
Using Mongo URL: 172.31.18.181:27028
new database url = 172.31.18.181:27028/ycsb
new database url = 172.31.18.180:27028/ycsb
new database url = 172.31.18.180:27028/ycsb
new database url = 172.31.18.180:27028/ycsb
new database url = 172.31.18.180:27028/ycsb
new database url = 172.31.18.181:27028/ycsb
Using Mongo URL: 172.31.18.181:27028
new database url = 172.31.18.181:27028/ycsb
Using Mongo URL: 172.31.18.180:27028
new database url = 172.31.18.180:27028/ycsb
Using Mongo URL: 172.31.18.180:27028
new database url = 172.31.18.180:27028/ycsb
Using Mongo URL: 172.31.18.181:27028
new database url = 172.31.18.181:27028/ycsb
Using Mongo URL: 172.31.18.180:27028
new database url = 172.31.18.180:27028/ycsb
Using Mongo URL: 172.31.18.180:27028
new database url = 172.31.18.180:27028/ycsb
Using Mongo URL: 172.31.18.180:27028
new database url = 172.31.18.180:27028/ycsb
Using Mongo URL: 172.31.18.181:27028
new database url = 172.31.18.181:27028/ycsb
Using Mongo URL: 172.31.18.180:27028
new database url = 172.31.18.180:27028/ycsb
Using Mongo URL: 172.31.18.180:27028
new database url = 172.31.18.180:27028/ycsb
Using Mongo URL: 172.31.18.180:27028
new database url = 172.31.18.180:27028/ycsb
Using Mongo URL: 172.31.18.181:27028
new database url = 172.31.18.181:27028/ycsb
Using Mongo URL: 172.31.18.181:27028
new database url = 172.31.18.181:27028/ycsb
Using Mongo URL: 172.31.18.180:27028
new database url = 172.31.18.180:27028/ycsb
Using Mongo URL: 172.31.18.180:27028
new database url = 172.31.18.180:27028/ycsb
Using Mongo URL: 172.31.18.180:27028
new database url = 172.31.18.180:27028/ycsb
Using Mongo URL: 172.31.18.181:27028
new database url = 172.31.18.181:27028/ycsb
Using Mongo URL: 172.31.18.181:27028
new database url = 172.31.18.181:27028/ycsb
Using Mongo URL: 172.31.18.181:27028
new database url = 172.31.18.181:27028/ycsb
Using Mongo URL: 172.31.18.181:27028
new database url = 172.31.18.181:27028/ycsb
Using Mongo URL: 172.31.18.181:27028
new database url = 172.31.18.181:27028/ycsb
Using Mongo URL: 172.31.18.181:27028
new database url = 172.31.18.181:27028/ycsb
Using Mongo URL: 172.31.18.180:27028
new database url = 172.31.18.180:27028/ycsb
Using Mongo URL: 172.31.18.180:27028
new database url = 172.31.18.180:27028/ycsb
mongo connection created with 172.31.18.180:27028/ycsb
Warmup execution time: 0
Warmup operations: 0
mongo connection created with 172.31.18.180:27028/ycsb
Warmup execution time: 0
Warmup operations: 0
mongo connection created with 172.31.18.180:27028/ycsb
Warmup execution time: 0
Warmup operations: 0
mongo connection created with 172.31.18.180:27028/ycsb
Warmup execution time: 0
Warmup operations: 0
mongo connection created with 172.31.18.180:27028/ycsb
Warmup execution time: 0
Warmup operations: 0
mongo connection created with 172.31.18.181:27028/ycsb
Warmup execution time: 0
Warmup operations: 0
mongo connection created with 172.31.18.180:27028/ycsb
Warmup execution time: 0
Warmup operations: 0
mongo connection created with 172.31.18.181:27028/ycsb
Warmup execution time: 0
Warmup operations: 0
mongo connection created with 172.31.18.180:27028/ycsb
Warmup execution time: 0
Warmup operations: 0
mongo connection created with 172.31.18.180:27028/ycsb
Warmup execution time: 0
Warmup operations: 0
mongo connection created with 172.31.18.180:27028/ycsb
Warmup execution time: 0
Warmup operations: 0
mongo connection created with 172.31.18.181:27028/ycsb
Warmup execution time: 0
Warmup operations: 0
mongo connection created with 172.31.18.180:27028/ycsb
Warmup execution time: 0
Warmup operations: 0
mongo connection created with 172.31.18.180:27028/ycsb
Warmup execution time: 0
Warmup operations: 0
mongo connection created with 172.31.18.180:27028/ycsb
Warmup execution time: 0
Warmup operations: 0
mongo connection created with 172.31.18.180:27028/ycsb
Warmup execution time: 0
Warmup operations: 0
mongo connection created with 172.31.18.181:27028/ycsb
Warmup execution time: 0
Warmup operations: 0
mongo connection created with 172.31.18.181:27028/ycsb
Warmup execution time: 0
Warmup operations: 0
mongo connection created with 172.31.18.180:27028/ycsb
Warmup execution time: 0
Warmup operations: 0
mongo connection created with 172.31.18.180:27028/ycsb
Warmup execution time: 0
Warmup operations: 0
mongo connection created with 172.31.18.180:27028/ycsb
Warmup execution time: 0
Warmup operations: 0
mongo connection created with 172.31.18.181:27028/ycsb
Warmup execution time: 0
Warmup operations: 0
mongo connection created with 172.31.18.181:27028/ycsb
Warmup execution time: 0
Warmup operations: 0
mongo connection created with 172.31.18.181:27028/ycsb
Warmup execution time: 0
Warmup operations: 0
mongo connection created with 172.31.18.181:27028/ycsb
Warmup execution time: 0
Warmup operations: 0
mongo connection created with 172.31.18.181:27028/ycsb
Warmup execution time: 0
Warmup operations: 0
mongo connection created with 172.31.18.181:27028/ycsb
Warmup execution time: 0
Warmup operations: 0
mongo connection created with 172.31.18.180:27028/ycsb
Warmup execution time: 0
Warmup operations: 0
mongo connection created with 172.31.18.181:27028/ycsb
Warmup execution time: 0
Warmup operations: 0
mongo connection created with 172.31.18.181:27028/ycsb
Warmup execution time: 0
Warmup operations: 0
Using Mongo URL: 172.31.18.180:27028
new database url = 172.31.18.180:27028/ycsb
Using Mongo URL: 172.31.18.181:27028
new database url = 172.31.18.181:27028/ycsb
Using Mongo URL: 172.31.18.181:27028
new database url = 172.31.18.181:27028/ycsb
Using Mongo URL: 172.31.18.180:27028
new database url = 172.31.18.180:27028/ycsb
Using Mongo URL: 172.31.18.180:27028
new database url = 172.31.18.180:27028/ycsb
Using Mongo URL: 172.31.18.180:27028
new database url = 172.31.18.180:27028/ycsb
Using Mongo URL: 172.31.18.180:27028
new database url = 172.31.18.180:27028/ycsb
Using Mongo URL: 172.31.18.180:27028
new database url = 172.31.18.180:27028/ycsb
Using Mongo URL: 172.31.18.181:27028
new database url = 172.31.18.181:27028/ycsb
Using Mongo URL: 172.31.18.180:27028
new database url = 172.31.18.180:27028/ycsb
Using Mongo URL: 172.31.18.180:27028
new database url = 172.31.18.180:27028/ycsb
Using Mongo URL: 172.31.18.180:27028
new database url = 172.31.18.180:27028/ycsb
Using Mongo URL: 172.31.18.181:27028
new database url = 172.31.18.181:27028/ycsb
Using Mongo URL: 172.31.18.180:27028
new database url = 172.31.18.180:27028/ycsb
Using Mongo URL: 172.31.18.180:27028
new database url = 172.31.18.180:27028/ycsb
Using Mongo URL: 172.31.18.181:27028
new database url = 172.31.18.181:27028/ycsb
Using Mongo URL: 172.31.18.181:27028
new database url = 172.31.18.181:27028/ycsb
Using Mongo URL: 172.31.18.181:27028
new database url = 172.31.18.181:27028/ycsb
 0 sec: 0 operations; 
Using Mongo URL: 172.31.18.181:27028
new database url = 172.31.18.181:27028/ycsb
Using Mongo URL: 172.31.18.181:27028
new database url = 172.31.18.181:27028/ycsb
Using Mongo URL: 172.31.18.181:27028
new database url = 172.31.18.181:27028/ycsb
Using Mongo URL: 172.31.18.181:27028
new database url = 172.31.18.181:27028/ycsb
Using Mongo URL: 172.31.18.180:27028
new database url = 172.31.18.180:27028/ycsb
Using Mongo URL: 172.31.18.181:27028
new database url = 172.31.18.181:27028/ycsb
Using Mongo URL: 172.31.18.181:27028
new database url = 172.31.18.181:27028/ycsb
Using Mongo URL: 172.31.18.181:27028
new database url = 172.31.18.181:27028/ycsb
Using Mongo URL: 172.31.18.181:27028
new database url = 172.31.18.181:27028/ycsb
Using Mongo URL: 172.31.18.180:27028
new database url = 172.31.18.180:27028/ycsb
Using Mongo URL: 172.31.18.180:27028
new database url = 172.31.18.180:27028/ycsb
mongo connection created with 172.31.18.180:27028/ycsb
Using Mongo URL: 172.31.18.181:27028
new database url = 172.31.18.181:27028/ycsb
mongo connection created with 172.31.18.180:27028/ycsb
mongo connection created with 172.31.18.181:27028/ycsb
mongo connection created with 172.31.18.181:27028/ycsb
mongo connection created with 172.31.18.181:27028/ycsb
mongo connection created with 172.31.18.181:27028/ycsb
mongo connection created with 172.31.18.180:27028/ycsb
mongo connection created with 172.31.18.181:27028/ycsb
mongo connection created with 172.31.18.181:27028/ycsb
mongo connection created with 172.31.18.181:27028/ycsb
mongo connection created with 172.31.18.181:27028/ycsb
mongo connection created with 172.31.18.181:27028/ycsb
mongo connection created with 172.31.18.181:27028/ycsb
mongo connection created with 172.31.18.181:27028/ycsb
mongo connection created with 172.31.18.180:27028/ycsb
mongo connection created with 172.31.18.180:27028/ycsb
mongo connection created with 172.31.18.181:27028/ycsb
mongo connection created with 172.31.18.180:27028/ycsb
mongo connection created with 172.31.18.180:27028/ycsb
mongo connection created with 172.31.18.180:27028/ycsb
mongo connection created with 172.31.18.181:27028/ycsb
mongo connection created with 172.31.18.180:27028/ycsb
mongo connection created with 172.31.18.180:27028/ycsb
mongo connection created with 172.31.18.180:27028/ycsb
mongo connection created with 172.31.18.180:27028/ycsb
mongo connection created with 172.31.18.180:27028/ycsb
mongo connection created with 172.31.18.181:27028/ycsb
mongo connection created with 172.31.18.181:27028/ycsb
mongo connection created with 172.31.18.181:27028/ycsb
mongo connection created with 172.31.18.180:27028/ycsb
 2 sec: 3518 operations; 1758.12 current ops/sec;   
 2 sec: 4980 operations; 2763.71 current ops/sec;    
[UPDATE], 0, 28984.666666666668, 900.0
[UPDATE], 100, 17142.89010989011, 910.0
[UPDATE], 200, 17912.680412371134, 970.0
[UPDATE], 300, 17096.72619047619, 840.0
[UPDATE], 400, 18786.695652173912, 920.0
[UPDATE], 500, 17956.591549295776, 710.0
[UPDATE], 600, 19117.864583333332, 960.0
[UPDATE], 700, 21688.060240963856, 830.0
[UPDATE], 800, 20021.54945054945, 910.0
[UPDATE], 900, 20315.433734939757, 830.0
[UPDATE], 1000, 18895.807228915663, 830.0
[UPDATE], 1100, 19560.581395348836, 860.0
[UPDATE], 1200, 16891.120689655174, 1160.0
[UPDATE], 1300, 20257.59493670886, 790.0
[UPDATE], 1400, 16873.136, 1250.0
[UPDATE], 1500, 14700.25641025641, 1170.0
[UPDATE], 1600, 13789.946902654867, 1130.0
[UPDATE], 1700, 14514.726315789474, 950.0
[UPDATE], 1800, 13021.148148148148, 1350.0
[UPDATE], 1900, 17727.366071428572, 1120.0
[UPDATE], 2000, 11477.743421052632, 1520.0
[UPDATE], 2100, 11650.144827586208, 1450.0
[UPDATE], 2200, 10870.175675675675, 1480.0
[READ], 0, 27281.33734939759, 830.0
[READ], 100, 14061.978260869566, 920.0
[READ], 200, 14926.355555555556, 900.0
[READ], 300, 18226.988095238095, 840.0
[READ], 400, 15568.111111111111, 810.0
[READ], 500, 16699.536585365855, 820.0
[READ], 600, 14303.631578947368, 760.0
[READ], 700, 17619.514705882353, 680.0
[READ], 800, 16206.450704225352, 710.0
[READ], 900, 17081.666666666668, 780.0
[READ], 1000, 16012.0, 840.0
[READ], 1100, 12253.52, 1000.0
[READ], 1200, 11504.62, 1000.0
[READ], 1300, 14721.054794520547, 730.0
[READ], 1400, 10954.649122807017, 1140.0
[READ], 1500, 11603.711711711712, 1110.0
[READ], 1600, 10933.776923076923, 1300.0
[READ], 1700, 11594.746268656716, 1340.0
[READ], 1800, 10664.344827586207, 1160.0
[READ], 1900, 8510.176923076922, 1300.0
[READ], 2000, 8329.924137931035, 1450.0
[READ], 2100, 8820.74820143885, 1390.0
[READ], 2200, 9315.363636363636, 1540.0
[CLEANUP], 0, 290.72727272727275, 110.0
[UPDATE], 2300, 8357.852459016394, 1220.0
[UPDATE], Operations, 2506
[UPDATE], Retries, 0
[UPDATE], AverageLatency(us), 16309.380287310454
[UPDATE], MinLatency(us), 815
[UPDATE], MaxLatency(us), 120530
[UPDATE], Return=0, 2506
[READ], 2300, 6267.568345323741, 1390.0
[READ], Operations, 2474
[READ], Retries, 0
[READ], AverageLatency(us), 12619.869846402587
[READ], MinLatency(us), 693
[READ], MaxLatency(us), 142283
[READ], Return=0, 2474
[CLEANUP], 100, 393.10526315789474, 190.0
[CLEANUP], Operations, 30
[CLEANUP], Retries, 0
[CLEANUP], AverageLatency(us), 355.56666666666666
[CLEANUP], MinLatency(us), 223
[CLEANUP], MaxLatency(us), 1188
[OVERALL], Reconnections, 0.0
[OVERALL], RunTime(ms), 2469.0
[OVERALL], Operations, 4980.0
[OVERALL], Throughput(ops/sec), 2017.0109356014582
java -cp /opt/ycsb/mongodb-binding/lib/mongodb-binding-0.1.4.jar:/opt/ycsb/core/lib/core-0.1.4.jar com.yahoo.ycsb.Client -db com.yahoo.ycsb.db.MongoDbClient -s -P /opt/ycsb/workloads/workloada -p mongodb.url=172.31.18.181:27028,172.31.18.180:27028 -p workload=com.yahoo.ycsb.workloads.CoreWorkload -p updateretrycount=1000 -p mongodb.writeConcern=normal -p mongodb.database=ycsb -p recordcount=10000 -p exportmeasurementsinterval=30000 -p fieldcount=10 -p timeseries.granularity=100 -p threadcount=30 -p insertretrycount=10 -p readretrycount=1000 -p ignoreinserterrors=false -p reconnectionthroughput=10 -p insertstart=30000 -p maxexecutiontime=1200 -p mongodb.readPreference=primaryPreferred -p measurementtype=timeseries -p reconnectiontime=1000 -p operationcount=5000 -p fieldlength=10 -t
