YCSB Client 0.1
Command line: -db com.yahoo.ycsb.db.MongoDbClient -s -p mongodb.url=172.31.18.181:27028,172.31.18.180:27028 -p workload=com.yahoo.ycsb.workloads.CoreWorkload -p updateretrycount=1000 -p mongodb.writeConcern=normal -p mongodb.database=ycsb -p recordcount=10000 -p exportmeasurementsinterval=30000 -p fieldcount=10 -p timeseries.granularity=100 -p threadcount=30 -p insertretrycount=10 -p readretrycount=1000 -p ignoreinserterrors=false -p reconnectionthroughput=10 -p insertstart=40000 -p maxexecutiontime=1200 -p mongodb.readPreference=primaryPreferred -p measurementtype=timeseries -p reconnectiontime=1000 -p operationcount=5000 -p fieldlength=10 -p insertstart=40000 -p insertcount=5000 -load
Using Mongo URL: 172.31.18.180:27028
Using Mongo URL: 172.31.18.180:27028
Using Mongo URL: 172.31.18.180:27028
Using Mongo URL: 172.31.18.181:27028
Using Mongo URL: 172.31.18.180:27028
Using Mongo URL: 172.31.18.180:27028
Using Mongo URL: 172.31.18.180:27028
Using Mongo URL: 172.31.18.181:27028
new database url = 172.31.18.181:27028/ycsb
new database url = 172.31.18.180:27028/ycsb
new database url = 172.31.18.180:27028/ycsb
new database url = 172.31.18.180:27028/ycsb
new database url = 172.31.18.180:27028/ycsb
new database url = 172.31.18.180:27028/ycsb
new database url = 172.31.18.181:27028/ycsb
new database url = 172.31.18.180:27028/ycsb
Using Mongo URL: 172.31.18.180:27028
new database url = 172.31.18.180:27028/ycsb
Using Mongo URL: 172.31.18.181:27028
new database url = 172.31.18.181:27028/ycsb
Using Mongo URL: 172.31.18.181:27028
new database url = 172.31.18.181:27028/ycsb
Using Mongo URL: 172.31.18.180:27028
new database url = 172.31.18.180:27028/ycsb
Using Mongo URL: 172.31.18.180:27028
new database url = 172.31.18.180:27028/ycsb
Using Mongo URL: 172.31.18.181:27028
new database url = 172.31.18.181:27028/ycsb
Using Mongo URL: 172.31.18.181:27028
new database url = 172.31.18.181:27028/ycsb
Using Mongo URL: 172.31.18.180:27028
 0 sec: 0 operations; 
new database url = 172.31.18.180:27028/ycsb
Using Mongo URL: 172.31.18.181:27028
new database url = 172.31.18.181:27028/ycsb
Using Mongo URL: 172.31.18.180:27028
new database url = 172.31.18.180:27028/ycsb
Using Mongo URL: 172.31.18.181:27028
new database url = 172.31.18.181:27028/ycsb
Using Mongo URL: 172.31.18.181:27028
new database url = 172.31.18.181:27028/ycsb
Using Mongo URL: 172.31.18.180:27028
new database url = 172.31.18.180:27028/ycsb
Using Mongo URL: 172.31.18.181:27028
new database url = 172.31.18.181:27028/ycsb
Using Mongo URL: 172.31.18.181:27028
new database url = 172.31.18.181:27028/ycsb
Using Mongo URL: 172.31.18.180:27028
new database url = 172.31.18.180:27028/ycsb
Using Mongo URL: 172.31.18.180:27028
new database url = 172.31.18.180:27028/ycsb
Using Mongo URL: 172.31.18.180:27028
new database url = 172.31.18.180:27028/ycsb
Using Mongo URL: 172.31.18.181:27028
new database url = 172.31.18.181:27028/ycsb
Using Mongo URL: 172.31.18.180:27028
new database url = 172.31.18.180:27028/ycsb
Using Mongo URL: 172.31.18.180:27028
new database url = 172.31.18.180:27028/ycsb
Using Mongo URL: 172.31.18.181:27028
new database url = 172.31.18.181:27028/ycsb
mongo connection created with 172.31.18.181:27028/ycsb
mongo connection created with 172.31.18.180:27028/ycsb
mongo connection created with 172.31.18.181:27028/ycsb
mongo connection created with 172.31.18.180:27028/ycsb
mongo connection created with 172.31.18.180:27028/ycsb
mongo connection created with 172.31.18.180:27028/ycsb
mongo connection created with 172.31.18.180:27028/ycsb
mongo connection created with 172.31.18.181:27028/ycsb
mongo connection created with 172.31.18.180:27028/ycsb
mongo connection created with 172.31.18.180:27028/ycsb
mongo connection created with 172.31.18.180:27028/ycsb
mongo connection created with 172.31.18.181:27028/ycsb
mongo connection created with 172.31.18.181:27028/ycsb
mongo connection created with 172.31.18.180:27028/ycsb
mongo connection created with 172.31.18.181:27028/ycsb
mongo connection created with 172.31.18.180:27028/ycsb
mongo connection created with 172.31.18.181:27028/ycsb
mongo connection created with 172.31.18.181:27028/ycsb
mongo connection created with 172.31.18.180:27028/ycsb
mongo connection created with 172.31.18.181:27028/ycsb
mongo connection created with 172.31.18.181:27028/ycsb
mongo connection created with 172.31.18.180:27028/ycsb
mongo connection created with 172.31.18.180:27028/ycsb
mongo connection created with 172.31.18.181:27028/ycsb
mongo connection created with 172.31.18.180:27028/ycsb
mongo connection created with 172.31.18.181:27028/ycsb
mongo connection created with 172.31.18.180:27028/ycsb
mongo connection created with 172.31.18.180:27028/ycsb
mongo connection created with 172.31.18.181:27028/ycsb
mongo connection created with 172.31.18.180:27028/ycsb
 2 sec: 2759 operations; 1378.12 current ops/sec;  
 2 sec: 4980 operations; 2489.91 current ops/sec;   
[INSERT], 0, 36687.58, 1000.0
[INSERT], 100, 23094.56923076923, 1300.0
[INSERT], 200, 25869.491228070176, 1140.0
[INSERT], 300, 25804.207207207208, 1110.0
[INSERT], 400, 25887.421487603307, 1210.0
[INSERT], 500, 24159.63025210084, 1190.0
[INSERT], 600, 23834.19230769231, 1300.0
[INSERT], 700, 24423.262295081968, 1220.0
[INSERT], 800, 23266.9296875, 1280.0
[INSERT], 900, 22027.207692307693, 1300.0
[INSERT], 1000, 22950.007633587786, 1310.0
[INSERT], 1100, 37362.125, 800.0
[INSERT], 1200, 15971.584615384616, 1950.0
[INSERT], 1300, 11489.769784172662, 2780.0
[INSERT], 1400, 11895.524, 2500.0
[INSERT], 1500, 10765.467181467182, 2590.0
[INSERT], 1600, 13407.29411764706, 2380.0
[INSERT], 1700, 12637.313559322034, 2360.0
[INSERT], 1800, 11091.474103585657, 2510.0
[INSERT], 1900, 12209.117408906883, 2470.0
[INSERT], 2000, 10573.79347826087, 2760.0
[INSERT], 2100, 12086.482071713148, 2510.0
[INSERT], 2200, 8842.81188118812, 1010.0
[INSERT], 2300, 18848.242647058825, 2720.0
[INSERT], 2400, 9037.974440894568, 3130.0
[INSERT], 2500, 9246.561128526646, 3190.0
[CLEANUP], 0, 3325.608695652174, 230.0
[INSERT], 2600, 6625.897435897436, 780.0
[INSERT], Operations, 4980
[INSERT], Retries, 0
[INSERT], AverageLatency(us), 15806.82891566265
[INSERT], MinLatency(us), 744
[INSERT], MaxLatency(us), 177921
[INSERT], Return=0, 4980
[CLEANUP], 100, 538.0, 70.0
[CLEANUP], Operations, 30
[CLEANUP], Retries, 0
[CLEANUP], AverageLatency(us), 2675.1666666666665
[CLEANUP], MinLatency(us), 242
[CLEANUP], MaxLatency(us), 12887
[OVERALL], Reconnections, 0.0
[OVERALL], RunTime(ms), 2733.0
[OVERALL], Operations, 4980.0
[OVERALL], Throughput(ops/sec), 1822.1734357848518
java -cp /opt/ycsb/mongodb-binding/lib/mongodb-binding-0.1.4.jar:/opt/ycsb/core/lib/core-0.1.4.jar com.yahoo.ycsb.Client -db com.yahoo.ycsb.db.MongoDbClient -s -p mongodb.url=172.31.18.181:27028,172.31.18.180:27028 -p workload=com.yahoo.ycsb.workloads.CoreWorkload -p updateretrycount=1000 -p mongodb.writeConcern=normal -p mongodb.database=ycsb -p recordcount=10000 -p exportmeasurementsinterval=30000 -p fieldcount=10 -p timeseries.granularity=100 -p threadcount=30 -p insertretrycount=10 -p readretrycount=1000 -p ignoreinserterrors=false -p reconnectionthroughput=10 -p insertstart=40000 -p maxexecutiontime=1200 -p mongodb.readPreference=primaryPreferred -p measurementtype=timeseries -p reconnectiontime=1000 -p operationcount=5000 -p fieldlength=10 -p insertstart=40000 -p insertcount=5000 -load
